Archive member included to satisfy reference by file (symbol)

/usr/local/Cellar/arm-none-eabi-gcc/10.3-2021.07/gcc/bin/../lib/gcc/arm-none-eabi/10.3.1/thumb/v6-m/nofp/libgcc.a(_dvmd_tls.o)
                              CMakeFiles/blink.dir/Users/amrit/Desktop/PICO_REPOS/pico-sdk/src/rp2_common/pico_divider/divider.S.obj (__aeabi_idiv0)
/usr/local/Cellar/arm-none-eabi-gcc/10.3-2021.07/gcc/bin/../lib/gcc/arm-none-eabi/10.3.1/../../../../arm-none-eabi/lib/thumb/v6-m/nofp/libg.a(lib_a-calloc.o)
                              CMakeFiles/blink.dir/Users/amrit/Desktop/PICO_REPOS/pico-sdk/src/rp2_common/pico_malloc/pico_malloc.c.obj (calloc)
/usr/local/Cellar/arm-none-eabi-gcc/10.3-2021.07/gcc/bin/../lib/gcc/arm-none-eabi/10.3.1/../../../../arm-none-eabi/lib/thumb/v6-m/nofp/libg.a(lib_a-callocr.o)
                              /usr/local/Cellar/arm-none-eabi-gcc/10.3-2021.07/gcc/bin/../lib/gcc/arm-none-eabi/10.3.1/../../../../arm-none-eabi/lib/thumb/v6-m/nofp/libg.a(lib_a-calloc.o) (_calloc_r)
/usr/local/Cellar/arm-none-eabi-gcc/10.3-2021.07/gcc/bin/../lib/gcc/arm-none-eabi/10.3.1/../../../../arm-none-eabi/lib/thumb/v6-m/nofp/libg.a(lib_a-errno.o)
                              /usr/local/Cellar/arm-none-eabi-gcc/10.3-2021.07/gcc/bin/../lib/gcc/arm-none-eabi/10.3.1/../../../../arm-none-eabi/lib/thumb/v6-m/nofp/libg.a(lib_a-callocr.o) (__errno)
/usr/local/Cellar/arm-none-eabi-gcc/10.3-2021.07/gcc/bin/../lib/gcc/arm-none-eabi/10.3.1/../../../../arm-none-eabi/lib/thumb/v6-m/nofp/libg.a(lib_a-impure.o)
                              /usr/local/Cellar/arm-none-eabi-gcc/10.3-2021.07/gcc/bin/../lib/gcc/arm-none-eabi/10.3.1/../../../../arm-none-eabi/lib/thumb/v6-m/nofp/libg.a(lib_a-calloc.o) (_impure_ptr)
/usr/local/Cellar/arm-none-eabi-gcc/10.3-2021.07/gcc/bin/../lib/gcc/arm-none-eabi/10.3.1/../../../../arm-none-eabi/lib/thumb/v6-m/nofp/libg.a(lib_a-init.o)
                              /usr/local/Cellar/arm-none-eabi-gcc/10.3-2021.07/gcc/bin/../lib/gcc/arm-none-eabi/10.3.1/../../../../arm-none-eabi/lib/thumb/v6-m/nofp/crt0.o (__libc_init_array)
/usr/local/Cellar/arm-none-eabi-gcc/10.3-2021.07/gcc/bin/../lib/gcc/arm-none-eabi/10.3.1/../../../../arm-none-eabi/lib/thumb/v6-m/nofp/libg.a(lib_a-malloc.o)
                              CMakeFiles/blink.dir/Users/amrit/Desktop/PICO_REPOS/pico-sdk/src/rp2_common/pico_malloc/pico_malloc.c.obj (malloc)
/usr/local/Cellar/arm-none-eabi-gcc/10.3-2021.07/gcc/bin/../lib/gcc/arm-none-eabi/10.3.1/../../../../arm-none-eabi/lib/thumb/v6-m/nofp/libg.a(lib_a-mallocr.o)
                              /usr/local/Cellar/arm-none-eabi-gcc/10.3-2021.07/gcc/bin/../lib/gcc/arm-none-eabi/10.3.1/../../../../arm-none-eabi/lib/thumb/v6-m/nofp/libg.a(lib_a-callocr.o) (_malloc_r)
/usr/local/Cellar/arm-none-eabi-gcc/10.3-2021.07/gcc/bin/../lib/gcc/arm-none-eabi/10.3.1/../../../../arm-none-eabi/lib/thumb/v6-m/nofp/libg.a(lib_a-memcmp.o)
                              CMakeFiles/blink.dir/Users/amrit/Desktop/PICO_REPOS/pico-sdk/lib/cyw43-driver/src/cyw43_ll.c.obj (memcmp)
/usr/local/Cellar/arm-none-eabi-gcc/10.3-2021.07/gcc/bin/../lib/gcc/arm-none-eabi/10.3.1/../../../../arm-none-eabi/lib/thumb/v6-m/nofp/libg.a(lib_a-memmove.o)
                              CMakeFiles/blink.dir/Users/amrit/Desktop/PICO_REPOS/pico-sdk/lib/cyw43-driver/src/cyw43_ll.c.obj (memmove)
/usr/local/Cellar/arm-none-eabi-gcc/10.3-2021.07/gcc/bin/../lib/gcc/arm-none-eabi/10.3.1/../../../../arm-none-eabi/lib/thumb/v6-m/nofp/libg.a(lib_a-mlock.o)
                              /usr/local/Cellar/arm-none-eabi-gcc/10.3-2021.07/gcc/bin/../lib/gcc/arm-none-eabi/10.3.1/../../../../arm-none-eabi/lib/thumb/v6-m/nofp/libg.a(lib_a-mallocr.o) (__malloc_lock)
/usr/local/Cellar/arm-none-eabi-gcc/10.3-2021.07/gcc/bin/../lib/gcc/arm-none-eabi/10.3.1/../../../../arm-none-eabi/lib/thumb/v6-m/nofp/libg.a(lib_a-realloc.o)
                              CMakeFiles/blink.dir/Users/amrit/Desktop/PICO_REPOS/pico-sdk/src/rp2_common/pico_malloc/pico_malloc.c.obj (realloc)
/usr/local/Cellar/arm-none-eabi-gcc/10.3-2021.07/gcc/bin/../lib/gcc/arm-none-eabi/10.3.1/../../../../arm-none-eabi/lib/thumb/v6-m/nofp/libg.a(lib_a-reallocr.o)
                              /usr/local/Cellar/arm-none-eabi-gcc/10.3-2021.07/gcc/bin/../lib/gcc/arm-none-eabi/10.3.1/../../../../arm-none-eabi/lib/thumb/v6-m/nofp/libg.a(lib_a-realloc.o) (_realloc_r)
/usr/local/Cellar/arm-none-eabi-gcc/10.3-2021.07/gcc/bin/../lib/gcc/arm-none-eabi/10.3.1/../../../../arm-none-eabi/lib/thumb/v6-m/nofp/libg.a(lib_a-sbrkr.o)
                              /usr/local/Cellar/arm-none-eabi-gcc/10.3-2021.07/gcc/bin/../lib/gcc/arm-none-eabi/10.3.1/../../../../arm-none-eabi/lib/thumb/v6-m/nofp/libg.a(lib_a-mallocr.o) (_sbrk_r)
/usr/local/Cellar/arm-none-eabi-gcc/10.3-2021.07/gcc/bin/../lib/gcc/arm-none-eabi/10.3.1/../../../../arm-none-eabi/lib/thumb/v6-m/nofp/libg.a(lib_a-strlen-stub.o)
[...]
Memory Configuration

Name             Origin             Length             Attributes
FLASH            0x0000000010000000 0x0000000000200000 xr
RAM              0x0000000020000000 0x0000000000040000 xrw
SCRATCH_X        0x0000000020040000 0x0000000000001000 xrw
SCRATCH_Y        0x0000000020041000 0x0000000000001000 xrw
*default*        0x0000000000000000 0xffffffffffffffff

Linker script and memory map

LOAD /usr/local/Cellar/arm-none-eabi-gcc/10.3-2021.07/gcc/bin/../lib/gcc/arm-none-eabi/10.3.1/thumb/v6-m/nofp/crti.o
LOAD /usr/local/Cellar/arm-none-eabi-gcc/10.3-2021.07/gcc/bin/../lib/gcc/arm-none-eabi/10.3.1/thumb/v6-m/nofp/crtbegin.o
LOAD /usr/local/Cellar/arm-none-eabi-gcc/10.3-2021.07/gcc/bin/../lib/gcc/arm-none-eabi/10.3.1/../../../../arm-none-eabi/lib/thumb/v6-m/nofp/crt0.o

.flash_begin    0x0000000010000000        0x0
                0x0000000010000000                __flash_binary_start = .

.boot2          0x0000000010000000      0x100
                0x0000000010000000                __boot2_start__ = .
 *(.boot2)
 .boot2         0x0000000010000000      0x100 /var/folders/xd/1bjs_5vd4_j3rps6xmtdbg7h0000gn/T//ccDLFoCv.o
                0x0000000010000100                __boot2_end__ = .
                0x0000000000000001                ASSERT (((__boot2_end__ - __boot2_start__) == 0x100), ERROR: Pico second stage bootloader must be 256 bytes in size)

.text           0x0000000010000100     0x7358
                0x0000000010000100                __logical_binary_start = .
 *(.vectors)
 .vectors       0x0000000010000100       0xd4 CMakeFiles/blink.dir/Users/amrit/Desktop/PICO_REPOS/pico-sdk/src/rp2_common/pico_standard_link/crt0.S.obj
                0x0000000010000100                __VECTOR_TABLE
                0x0000000010000100                __vectors
                0x00000000100001c0                __default_isrs_start
                0x00000000100001c0                isr_invalid
                0x00000000100001c2                isr_nmi
                0x00000000100001c4                isr_hardfault
                0x00000000100001c6                isr_svcall
                0x00000000100001c8                isr_pendsv
                0x00000000100001ca                isr_systick
                0x00000000100001cc                isr_irq28
                0x00000000100001cc                isr_irq19
                0x00000000100001cc                isr_irq0
                0x00000000100001cc                isr_irq6
                0x00000000100001cc                isr_irq22
                0x00000000100001cc                isr_irq17
                0x00000000100001cc                isr_irq14
                0x00000000100001cc                isr_irq2
                0x00000000100001cc                isr_irq10
                0x00000000100001cc                isr_irq8
                0x00000000100001cc                isr_irq24
                0x00000000100001cc                isr_irq1
                0x00000000100001cc                isr_irq7
                0x00000000100001cc                isr_irq21
                0x00000000100001cc                isr_irq20
                0x00000000100001cc                isr_irq15
                0x00000000100001cc                isr_irq25
                0x00000000100001cc                isr_irq4
                0x00000000100001cc                isr_irq16
                0x00000000100001cc                isr_irq29
                0x00000000100001cc                isr_irq26
                0x00000000100001cc                __default_isrs_end
                0x00000000100001cc                isr_irq3
                0x00000000100001cc                isr_irq9
                0x00000000100001cc                __unhandled_user_irq
                0x00000000100001cc                isr_irq13
                0x00000000100001cc                isr_irq27
                0x00000000100001cc                isr_irq31
                0x00000000100001cc                isr_irq5
                0x00000000100001cc                isr_irq11
                0x00000000100001cc                isr_irq23
                0x00000000100001cc                isr_irq18
                0x00000000100001cc                isr_irq30
                0x00000000100001cc                isr_irq12
                0x00000000100001d2                unhandled_user_irq_num_in_r0
 *(.binary_info_header)
 .binary_info_header
                0x00000000100001d4       0x14 CMakeFiles/blink.dir/Users/amrit/Desktop/PICO_REPOS/pico-sdk/src/rp2_common/pico_standard_link/crt0.S.obj
                0x00000000100001e8                __binary_info_header_end = .
 *(.reset)
 .reset         0x00000000100001e8       0xa8 CMakeFiles/blink.dir/Users/amrit/Desktop/PICO_REPOS/pico-sdk/src/rp2_common/pico_standard_link/crt0.S.obj
                0x00000000100001e8                _entry_point
                0x0000000010000266                __get_current_exception
 .reset         0x0000000010000290       0x30 CMakeFiles/blink.dir/Users/amrit/Desktop/PICO_REPOS/pico-sdk/src/rp2_common/pico_standard_link/binary_info.c.obj
 *(.init)
 .init          0x00000000100002c0        0x4 /usr/local/Cellar/arm-none-eabi-gcc/10.3-2021.07/gcc/bin/../lib/gcc/arm-none-eabi/10.3.1/thumb/v6-m/nofp/crti.o
                0x00000000100002c0                _init
 *(EXCLUDE_FILE(*libm.a: *libc.a:*lib_a-mem*.o *libgcc.a:) .text*)
 .text          0x00000000100002c4       0x48 /usr/local/Cellar/arm-none-eabi-gcc/10.3-2021.07/gcc/bin/../lib/gcc/arm-none-eabi/10.3.1/thumb/v6-m/nofp/crtbegin.o
 .text.main     0x000000001000030c       0x3c CMakeFiles/blink.dir/blink.c.obj
                0x000000001000030c                main
 .text.gpio_set_function
                0x0000000010000348       0x30 CMakeFiles/blink.dir/Users/amrit/Desktop/PICO_REPOS/pico-sdk/src/rp2_common/hardware_gpio/gpio.c.obj
                0x0000000010000348                gpio_set_function
 .text.gpio_set_pulls
                0x0000000010000378       0x34 CMakeFiles/blink.dir/Users/amrit/Desktop/PICO_REPOS/pico-sdk/src/rp2_common/hardware_gpio/gpio.c.obj
                0x0000000010000378                gpio_set_pulls
 .text.gpio_set_input_hysteresis_enabled
                0x00000000100003ac       0x30 CMakeFiles/blink.dir/Users/amrit/Desktop/PICO_REPOS/pico-sdk/src/rp2_common/hardware_gpio/gpio.c.obj
                0x00000000100003ac                gpio_set_input_hysteresis_enabled
 .text.gpio_add_raw_irq_handler_with_order_priority_masked
                0x00000000100003dc       0x40 CMakeFiles/blink.dir/Users/amrit/Desktop/PICO_REPOS/pico-sdk/src/rp2_common/hardware_gpio/gpio.c.obj
                0x00000000100003dc                gpio_add_raw_irq_handler_with_order_priority_masked
 .text.gpio_remove_raw_irq_handler_masked
                0x000000001000041c       0x48 CMakeFiles/blink.dir/Users/amrit/Desktop/PICO_REPOS/pico-sdk/src/rp2_common/hardware_gpio/gpio.c.obj
                0x000000001000041c                gpio_remove_raw_irq_handler_masked
 .text.gpio_acknowledge_irq
                0x0000000010000464       0x18 CMakeFiles/blink.dir/Users/amrit/Desktop/PICO_REPOS/pico-sdk/src/rp2_common/hardware_gpio/gpio.c.obj
                0x0000000010000464                gpio_acknowledge_irq
 .text._gpio_set_irq_enabled
                0x000000001000047c       0x34 CMakeFiles/blink.dir/Users/amrit/Desktop/PICO_REPOS/pico-sdk/src/rp2_common/hardware_gpio/gpio.c.obj
 .text.gpio_set_irq_enabled
                0x00000000100004b0       0x20 CMakeFiles/blink.dir/Users/amrit/Desktop/PICO_REPOS/pico-sdk/src/rp2_common/hardware_gpio/gpio.c.obj
                0x00000000100004b0                gpio_set_irq_enabled
 .text.gpio_init
                0x00000000100004d0       0x16 CMakeFiles/blink.dir/Users/amrit/Desktop/PICO_REPOS/pico-sdk/src/rp2_common/hardware_gpio/gpio.c.obj
                0x00000000100004d0                gpio_init
 *fill*         0x00000000100004e6        0x2 
 .text.hw_claim_lock
                0x00000000100004e8       0x18 CMakeFiles/blink.dir/Users/amrit/Desktop/PICO_REPOS/pico-sdk/src/rp2_common/hardware_claim/claim.c.obj
                0x00000000100004e8                hw_claim_lock
 .text.hw_claim_unlock
                0x0000000010000500       0x14 CMakeFiles/blink.dir/Users/amrit/Desktop/PICO_REPOS/pico-sdk/src/rp2_common/hardware_claim/claim.c.obj
                0x0000000010000500                hw_claim_unlock
 .text.hw_claim_or_assert
                0x0000000010000514       0x32 CMakeFiles/blink.dir/Users/amrit/Desktop/PICO_REPOS/pico-sdk/src/rp2_common/hardware_claim/claim.c.obj
                0x0000000010000514                hw_claim_or_assert
 .text.hw_claim_unused_from_range
                0x0000000010000546       0x50 CMakeFiles/blink.dir/Users/amrit/Desktop/PICO_REPOS/pico-sdk/src/rp2_common/hardware_claim/claim.c.obj
                0x0000000010000546                hw_claim_unused_from_range
 *fill*         0x0000000010000596        0x2 
 .text.hw_claim_clear
                0x0000000010000598       0x40 CMakeFiles/blink.dir/Users/amrit/Desktop/PICO_REPOS/pico-sdk/src/rp2_common/hardware_claim/claim.c.obj
                0x0000000010000598                hw_claim_clear
 .text.running_on_fpga
                0x00000000100005d8       0x14 CMakeFiles/blink.dir/Users/amrit/Desktop/PICO_REPOS/pico-sdk/src/rp2_common/pico_platform/platform.c.obj
                0x00000000100005d8                running_on_fpga
 .text.spin_locks_reset
                0x00000000100005ec       0x20 CMakeFiles/blink.dir/Users/amrit/Desktop/PICO_REPOS/pico-sdk/src/rp2_common/hardware_sync/sync.c.obj
                0x00000000100005ec                spin_locks_reset
 .text.next_striped_spin_lock_num
                0x000000001000060c       0x1c CMakeFiles/blink.dir/Users/amrit/Desktop/PICO_REPOS/pico-sdk/src/rp2_common/hardware_sync/sync.c.obj
                0x000000001000060c                next_striped_spin_lock_num
 .text.set_raw_irq_handler_and_unlock
                0x0000000010000628       0x28 CMakeFiles/blink.dir/Users/amrit/Desktop/PICO_REPOS/pico-sdk/src/rp2_common/hardware_irq/irq.c.obj
 .text.get_user_irq_claim_index
                0x0000000010000650        0x6 CMakeFiles/blink.dir/Users/amrit/Desktop/PICO_REPOS/pico-sdk/src/rp2_common/hardware_irq/irq.c.obj
 *fill*         0x0000000010000656        0x2 
 .text.make_branch
                0x0000000010000658       0x48 CMakeFiles/blink.dir/Users/amrit/Desktop/PICO_REPOS/pico-sdk/src/rp2_common/hardware_irq/irq.c.obj
 .text.insert_branch_and_link
                0x00000000100006a0       0x40 CMakeFiles/blink.dir/Users/amrit/Desktop/PICO_REPOS/pico-sdk/src/rp2_common/hardware_irq/irq.c.obj
 .text.irq_is_enabled
                0x00000000100006e0       0x18 CMakeFiles/blink.dir/Users/amrit/Desktop/PICO_REPOS/pico-sdk/src/rp2_common/hardware_irq/irq.c.obj
                0x00000000100006e0                irq_is_enabled
 .text.irq_set_mask_enabled
                0x00000000100006f8       0x20 CMakeFiles/blink.dir/Users/amrit/Desktop/PICO_REPOS/pico-sdk/src/rp2_common/hardware_irq/irq.c.obj
                0x00000000100006f8                irq_set_mask_enabled
 .text.irq_set_enabled
                0x0000000010000718        0xe CMakeFiles/blink.dir/Users/amrit/Desktop/PICO_REPOS/pico-sdk/src/rp2_common/hardware_irq/irq.c.obj
                0x0000000010000718                irq_set_enabled
 *fill*         0x0000000010000726        0x2 
 .text.irq_set_pending
                0x0000000010000728       0x10 CMakeFiles/blink.dir/Users/amrit/Desktop/PICO_REPOS/pico-sdk/src/rp2_common/hardware_irq/irq.c.obj
                0x0000000010000728                irq_set_pending
 .text.irq_get_vtable_handler
                0x0000000010000738       0x10 CMakeFiles/blink.dir/Users/amrit/Desktop/PICO_REPOS/pico-sdk/src/rp2_common/hardware_irq/irq.c.obj
                0x0000000010000738                irq_get_vtable_handler
 .text.irq_set_exclusive_handler
                0x0000000010000748       0x54 CMakeFiles/blink.dir/Users/amrit/Desktop/PICO_REPOS/pico-sdk/src/rp2_common/hardware_irq/irq.c.obj
                0x0000000010000748                irq_set_exclusive_handler
 .text.irq_add_shared_handler
                0x000000001000079c      0x230 CMakeFiles/blink.dir/Users/amrit/Desktop/PICO_REPOS/pico-sdk/src/rp2_common/hardware_irq/irq.c.obj
                0x000000001000079c                irq_add_shared_handler
 .text.irq_remove_handler
                0x00000000100009cc      0x1a8 CMakeFiles/blink.dir/Users/amrit/Desktop/PICO_REPOS/pico-sdk/src/rp2_common/hardware_irq/irq.c.obj
                0x00000000100009cc                irq_remove_handler
 .text.irq_set_priority
                0x0000000010000b74       0x28 CMakeFiles/blink.dir/Users/amrit/Desktop/PICO_REPOS/pico-sdk/src/rp2_common/hardware_irq/irq.c.obj
                0x0000000010000b74                irq_set_priority
 .text.irq_add_tail_to_free_list
                0x0000000010000b9c       0xf0 CMakeFiles/blink.dir/Users/amrit/Desktop/PICO_REPOS/pico-sdk/src/rp2_common/hardware_irq/irq.c.obj
                0x0000000010000b9c                irq_add_tail_to_free_list
 .text.irq_init_priorities
                0x0000000010000c8c       0x1c CMakeFiles/blink.dir/Users/amrit/Desktop/PICO_REPOS/pico-sdk/src/rp2_common/hardware_irq/irq.c.obj
                0x0000000010000c8c                irq_init_priorities
 .text.user_irq_unclaim
                0x0000000010000ca8       0x1c CMakeFiles/blink.dir/Users/amrit/Desktop/PICO_REPOS/pico-sdk/src/rp2_common/hardware_irq/irq.c.obj
                0x0000000010000ca8                user_irq_unclaim
 .text.user_irq_claim_unused
                0x0000000010000cc4       0x30 CMakeFiles/blink.dir/Users/amrit/Desktop/PICO_REPOS/pico-sdk/src/rp2_common/hardware_irq/irq.c.obj
                0x0000000010000cc4                user_irq_claim_unused
 .text.sem_init
                0x0000000010000cf4       0x1e CMakeFiles/blink.dir/Users/amrit/Desktop/PICO_REPOS/pico-sdk/src/common/pico_sync/sem.c.obj
                0x0000000010000cf4                sem_init
 *fill*         0x0000000010000d12        0x2 
 .text.lock_init
                0x0000000010000d14       0x10 CMakeFiles/blink.dir/Users/amrit/Desktop/PICO_REPOS/pico-sdk/src/common/pico_sync/lock_core.c.obj
                0x0000000010000d14                lock_init
 .text.alarm_pool_post_alloc_init
                0x0000000010000d24       0x40 CMakeFiles/blink.dir/Users/amrit/Desktop/PICO_REPOS/pico-sdk/src/common/pico_time/time.c.obj
 .text.sleep_until_callback
                0x0000000010000d64       0x30 CMakeFiles/blink.dir/Users/amrit/Desktop/PICO_REPOS/pico-sdk/src/common/pico_time/time.c.obj
 .text.timer_pool_entry_comparator
                0x0000000010000d94       0x7c CMakeFiles/blink.dir/Users/amrit/Desktop/PICO_REPOS/pico-sdk/src/common/pico_time/time.c.obj
                0x0000000010000d94                timer_pool_entry_comparator
 .text.ph_add_child_node
                0x0000000010000e10       0xa4 CMakeFiles/blink.dir/Users/amrit/Desktop/PICO_REPOS/pico-sdk/src/common/pico_time/time.c.obj
 .text.ph_merge_nodes
                0x0000000010000eb4       0x3e CMakeFiles/blink.dir/Users/amrit/Desktop/PICO_REPOS/pico-sdk/src/common/pico_time/time.c.obj
 *fill*         0x0000000010000ef2        0x2 
 .text.add_alarm_under_lock
                0x0000000010000ef4      0x174 CMakeFiles/blink.dir/Users/amrit/Desktop/PICO_REPOS/pico-sdk/src/common/pico_time/time.c.obj
 .text.alarm_pool_alarm_callback
                0x0000000010001068      0x328 CMakeFiles/blink.dir/Users/amrit/Desktop/PICO_REPOS/pico-sdk/src/common/pico_time/time.c.obj
 .text.alarm_pool_init_default
                0x0000000010001390       0x38 CMakeFiles/blink.dir/Users/amrit/Desktop/PICO_REPOS/pico-sdk/src/common/pico_time/time.c.obj
                0x0000000010001390                alarm_pool_init_default
 .text.alarm_pool_get_default
                0x00000000100013c8       0x2c CMakeFiles/blink.dir/Users/amrit/Desktop/PICO_REPOS/pico-sdk/src/common/pico_time/time.c.obj
                0x00000000100013c8                alarm_pool_get_default
 .text.alarm_pool_add_alarm_at
                0x00000000100013f4      0x170 CMakeFiles/blink.dir/Users/amrit/Desktop/PICO_REPOS/pico-sdk/src/common/pico_time/time.c.obj
                0x00000000100013f4                alarm_pool_add_alarm_at
 .text.alarm_pool_cancel_alarm
                0x0000000010001564       0xf0 CMakeFiles/blink.dir/Users/amrit/Desktop/PICO_REPOS/pico-sdk/src/common/pico_time/time.c.obj
                0x0000000010001564                alarm_pool_cancel_alarm
 .text.sleep_until
                0x0000000010001654       0xfc CMakeFiles/blink.dir/Users/amrit/Desktop/PICO_REPOS/pico-sdk/src/common/pico_time/time.c.obj
                0x0000000010001654                sleep_until
 .text.sleep_us
                0x0000000010001750       0x58 CMakeFiles/blink.dir/Users/amrit/Desktop/PICO_REPOS/pico-sdk/src/common/pico_time/time.c.obj
                0x0000000010001750                sleep_us
 .text.sleep_ms
                0x00000000100017a8       0x14 CMakeFiles/blink.dir/Users/amrit/Desktop/PICO_REPOS/pico-sdk/src/common/pico_time/time.c.obj
                0x00000000100017a8                sleep_ms
 .text.best_effort_wfe_or_timeout
                0x00000000100017bc       0x80 CMakeFiles/blink.dir/Users/amrit/Desktop/PICO_REPOS/pico-sdk/src/common/pico_time/time.c.obj
                0x00000000100017bc                best_effort_wfe_or_timeout
 .text.hardware_alarm_irq_handler
                0x000000001000183c       0x8c CMakeFiles/blink.dir/Users/amrit/Desktop/PICO_REPOS/pico-sdk/src/rp2_common/hardware_timer/timer.c.obj
 .text.hardware_alarm_claim
                0x00000000100018c8       0x18 CMakeFiles/blink.dir/Users/amrit/Desktop/PICO_REPOS/pico-sdk/src/rp2_common/hardware_timer/timer.c.obj
                0x00000000100018c8                hardware_alarm_claim
 .text.time_us_64
                0x00000000100018e0       0x18 CMakeFiles/blink.dir/Users/amrit/Desktop/PICO_REPOS/pico-sdk/src/rp2_common/hardware_timer/timer.c.obj
                0x00000000100018e0                time_us_64
 .text.busy_wait_until
                0x00000000100018f8       0x28 CMakeFiles/blink.dir/Users/amrit/Desktop/PICO_REPOS/pico-sdk/src/rp2_common/hardware_timer/timer.c.obj
                0x00000000100018f8                busy_wait_until
 .text.hardware_alarm_set_callback
                0x0000000010001920       0x90 CMakeFiles/blink.dir/Users/amrit/Desktop/PICO_REPOS/pico-sdk/src/rp2_common/hardware_timer/timer.c.obj
                0x0000000010001920                hardware_alarm_set_callback
 .text.hardware_alarm_set_target
                0x00000000100019b0       0xe8 CMakeFiles/blink.dir/Users/amrit/Desktop/PICO_REPOS/pico-sdk/src/rp2_common/hardware_timer/timer.c.obj
                0x00000000100019b0                hardware_alarm_set_target
 .text.hardware_alarm_cancel
                0x0000000010001a98       0x40 CMakeFiles/blink.dir/Users/amrit/Desktop/PICO_REPOS/pico-sdk/src/rp2_common/hardware_timer/timer.c.obj
                0x0000000010001a98                hardware_alarm_cancel
 .text.ph_add_child_node
                0x0000000010001ad8       0xa4 CMakeFiles/blink.dir/Users/amrit/Desktop/PICO_REPOS/pico-sdk/src/common/pico_util/pheap.c.obj
 .text.ph_merge_nodes
                0x0000000010001b7c       0x3e CMakeFiles/blink.dir/Users/amrit/Desktop/PICO_REPOS/pico-sdk/src/common/pico_util/pheap.c.obj
 *fill*         0x0000000010001bba        0x2 
 .text.ph_clear
                0x0000000010001bbc       0x70 CMakeFiles/blink.dir/Users/amrit/Desktop/PICO_REPOS/pico-sdk/src/common/pico_util/pheap.c.obj
                0x0000000010001bbc                ph_clear
 .text.ph_post_alloc_init
                0x0000000010001c2c        0xe CMakeFiles/blink.dir/Users/amrit/Desktop/PICO_REPOS/pico-sdk/src/common/pico_util/pheap.c.obj
                0x0000000010001c2c                ph_post_alloc_init
 *fill*         0x0000000010001c3a        0x2 
 .text.ph_merge_two_pass
                0x0000000010001c3c       0xa8 CMakeFiles/blink.dir/Users/amrit/Desktop/PICO_REPOS/pico-sdk/src/common/pico_util/pheap.c.obj
                0x0000000010001c3c                ph_merge_two_pass
 .text.ph_remove_any_head
                0x0000000010001ce4      0x108 CMakeFiles/blink.dir/Users/amrit/Desktop/PICO_REPOS/pico-sdk/src/common/pico_util/pheap.c.obj
 .text.ph_remove_head
                0x0000000010001dec       0x14 CMakeFiles/blink.dir/Users/amrit/Desktop/PICO_REPOS/pico-sdk/src/common/pico_util/pheap.c.obj
                0x0000000010001dec                ph_remove_head
 .text.ph_remove_and_free_node
                0x0000000010001e00       0xf8 CMakeFiles/blink.dir/Users/amrit/Desktop/PICO_REPOS/pico-sdk/src/common/pico_util/pheap.c.obj
                0x0000000010001e00                ph_remove_and_free_node
 .text.mutex_init
                0x0000000010001ef8       0x1a CMakeFiles/blink.dir/Users/amrit/Desktop/PICO_REPOS/pico-sdk/src/common/pico_sync/mutex.c.obj
                0x0000000010001ef8                mutex_init
 .text.recursive_mutex_init
                0x0000000010001f12       0x1e CMakeFiles/blink.dir/Users/amrit/Desktop/PICO_REPOS/pico-sdk/src/common/pico_sync/mutex.c.obj
                0x0000000010001f12                recursive_mutex_init
 .text.uart_set_baudrate
                0x0000000010001f30       0x5c CMakeFiles/blink.dir/Users/amrit/Desktop/PICO_REPOS/pico-sdk/src/rp2_common/hardware_uart/uart.c.obj
                0x0000000010001f30                uart_set_baudrate
 .text.uart_set_translate_crlf
                0x0000000010001f8c       0x28 CMakeFiles/blink.dir/Users/amrit/Desktop/PICO_REPOS/pico-sdk/src/rp2_common/hardware_uart/uart.c.obj
                0x0000000010001f8c                uart_set_translate_crlf
 .text.uart_init
                0x0000000010001fb4       0x80 CMakeFiles/blink.dir/Users/amrit/Desktop/PICO_REPOS/pico-sdk/src/rp2_common/hardware_uart/uart.c.obj
                0x0000000010001fb4                uart_init
 .text._exit    0x0000000010002034        0x4 CMakeFiles/blink.dir/Users/amrit/Desktop/PICO_REPOS/pico-sdk/src/rp2_common/pico_runtime/runtime.c.obj
                0x0000000010002034                _exit
 .text.exit     0x0000000010002038        0x6 CMakeFiles/blink.dir/Users/amrit/Desktop/PICO_REPOS/pico-sdk/src/rp2_common/pico_runtime/runtime.c.obj
                0x0000000010002038                exit
 *fill*         0x000000001000203e        0x2 
 .text.__assert_func
                0x0000000010002040       0x3c CMakeFiles/blink.dir/Users/amrit/Desktop/PICO_REPOS/pico-sdk/src/rp2_common/pico_runtime/runtime.c.obj
                0x0000000010002040                __assert_func
 .text.runtime_init
                0x000000001000207c       0xf8 CMakeFiles/blink.dir/Users/amrit/Desktop/PICO_REPOS/pico-sdk/src/rp2_common/pico_runtime/runtime.c.obj
                0x000000001000207c                runtime_init
 .text.panic    0x0000000010002174       0x30 CMakeFiles/blink.dir/Users/amrit/Desktop/PICO_REPOS/pico-sdk/src/rp2_common/pico_runtime/runtime.c.obj
                0x0000000010002174                panic
 .text.panic_unsupported
                0x00000000100021a4        0xc CMakeFiles/blink.dir/Users/amrit/Desktop/PICO_REPOS/pico-sdk/src/rp2_common/pico_runtime/runtime.c.obj
                0x00000000100021a4                panic_unsupported
 .text.clock_configure
                0x00000000100021b0      0x104 CMakeFiles/blink.dir/Users/amrit/Desktop/PICO_REPOS/pico-sdk/src/rp2_common/hardware_clocks/clocks.c.obj
                0x00000000100021b0                clock_configure
 .text.clocks_init
                0x00000000100022b4      0x100 CMakeFiles/blink.dir/Users/amrit/Desktop/PICO_REPOS/pico-sdk/src/rp2_common/hardware_clocks/clocks.c.obj
                0x00000000100022b4                clocks_init
 .text.clock_get_hz
                0x00000000100023b4        0xc CMakeFiles/blink.dir/Users/amrit/Desktop/PICO_REPOS/pico-sdk/src/rp2_common/hardware_clocks/clocks.c.obj
                0x00000000100023b4                clock_get_hz
 .text.pll_init
                0x00000000100023c0      0x140 CMakeFiles/blink.dir/Users/amrit/Desktop/PICO_REPOS/pico-sdk/src/rp2_common/hardware_pll/pll.c.obj
                0x00000000100023c0                pll_init
 .text.watchdog_start_tick
                0x0000000010002500       0x10 CMakeFiles/blink.dir/Users/amrit/Desktop/PICO_REPOS/pico-sdk/src/rp2_common/hardware_watchdog/watchdog.c.obj
                0x0000000010002500                watchdog_start_tick
 .text.xosc_init
                0x0000000010002510       0x28 CMakeFiles/blink.dir/Users/amrit/Desktop/PICO_REPOS/pico-sdk/src/rp2_common/hardware_xosc/xosc.c.obj
                0x0000000010002510                xosc_init
 .text._out_null
                0x0000000010002538        0x2 CMakeFiles/blink.dir/Users/amrit/Desktop/PICO_REPOS/pico-sdk/src/rp2_common/pico_printf/printf.c.obj
 .text._out_fct
                0x000000001000253a        0xe CMakeFiles/blink.dir/Users/amrit/Desktop/PICO_REPOS/pico-sdk/src/rp2_common/pico_printf/printf.c.obj
 .text._atoi    0x0000000010002548       0x24 CMakeFiles/blink.dir/Users/amrit/Desktop/PICO_REPOS/pico-sdk/src/rp2_common/pico_printf/printf.c.obj
 .text._out_rev
                0x000000001000256c       0xae CMakeFiles/blink.dir/Users/amrit/Desktop/PICO_REPOS/pico-sdk/src/rp2_common/pico_printf/printf.c.obj
 .text._ntoa_format
                0x000000001000261a      0x112 CMakeFiles/blink.dir/Users/amrit/Desktop/PICO_REPOS/pico-sdk/src/rp2_common/pico_printf/printf.c.obj
 .text._ntoa_long
                0x000000001000272c       0xbc CMakeFiles/blink.dir/Users/amrit/Desktop/PICO_REPOS/pico-sdk/src/rp2_common/pico_printf/printf.c.obj
 .text._ntoa_long_long
                0x00000000100027e8       0xe2 CMakeFiles/blink.dir/Users/amrit/Desktop/PICO_REPOS/pico-sdk/src/rp2_common/pico_printf/printf.c.obj
 *fill*         0x00000000100028ca        0x2 
 .text._etoa    0x00000000100028cc      0x414 CMakeFiles/blink.dir/Users/amrit/Desktop/PICO_REPOS/pico-sdk/src/rp2_common/pico_printf/printf.c.obj
 .text._ftoa    0x0000000010002ce0      0x354 CMakeFiles/blink.dir/Users/amrit/Desktop/PICO_REPOS/pico-sdk/src/rp2_common/pico_printf/printf.c.obj
 .text._vsnprintf
                0x0000000010003034      0x624 CMakeFiles/blink.dir/Users/amrit/Desktop/PICO_REPOS/pico-sdk/src/rp2_common/pico_printf/printf.c.obj
 .text.vfctprintf
                0x0000000010003658       0x20 CMakeFiles/blink.dir/Users/amrit/Desktop/PICO_REPOS/pico-sdk/src/rp2_common/pico_printf/printf.c.obj
                0x0000000010003658                vfctprintf
 .text          0x0000000010003678       0x10 CMakeFiles/blink.dir/Users/amrit/Desktop/PICO_REPOS/pico-sdk/src/rp2_common/pico_bit_ops/bit_ops_aeabi.S.obj
 .text.ctzsi    0x0000000010003688        0xc CMakeFiles/blink.dir/Users/amrit/Desktop/PICO_REPOS/pico-sdk/src/rp2_common/pico_bit_ops/bit_ops_aeabi.S.obj
                0x0000000010003688                __wrap___ctzsi2
 .text.rom_func_lookup
                0x0000000010003694       0x10 CMakeFiles/blink.dir/Users/amrit/Desktop/PICO_REPOS/pico-sdk/src/rp2_common/pico_bootrom/bootrom.c.obj
                0x0000000010003694                rom_func_lookup
 .text.rom_data_lookup
                0x00000000100036a4       0x10 CMakeFiles/blink.dir/Users/amrit/Desktop/PICO_REPOS/pico-sdk/src/rp2_common/pico_bootrom/bootrom.c.obj
                0x00000000100036a4                rom_data_lookup
 .text.rom_funcs_lookup
                0x00000000100036b4       0x36 CMakeFiles/blink.dir/Users/amrit/Desktop/PICO_REPOS/pico-sdk/src/rp2_common/pico_bootrom/bootrom.c.obj
                0x00000000100036b4                rom_funcs_lookup
 *fill*         0x00000000100036ea        0x2 
 .text.__wrap___aeabi_idiv
                0x00000000100036ec       0x50 CMakeFiles/blink.dir/Users/amrit/Desktop/PICO_REPOS/pico-sdk/src/rp2_common/pico_divider/divider.S.obj
                0x00000000100036ec                __wrap___aeabi_idivmod
                0x00000000100036ec                divmod_s32s32
                0x00000000100036ec                div_s32s32
                0x00000000100036ec                __wrap___aeabi_idiv
                0x00000000100036f4                divmod_s32s32_unsafe
                0x0000000010003720                divmod_s32s32_savestate
 .text.__wrap___aeabi_uidiv
                0x000000001000373c       0x4c CMakeFiles/blink.dir/Users/amrit/Desktop/PICO_REPOS/pico-sdk/src/rp2_common/pico_divider/divider.S.obj
                0x000000001000373c                __wrap___aeabi_uidiv
                0x000000001000373c                __wrap___aeabi_uidivmod
                0x000000001000373c                div_u32u32
                0x000000001000373c                divmod_u32u32
                0x0000000010003744                divmod_u32u32_unsafe
                0x000000001000376c                divmod_u32u32_savestate
 .text.__wrap___aeabi_ldiv
                0x0000000010003788      0x434 CMakeFiles/blink.dir/Users/amrit/Desktop/PICO_REPOS/pico-sdk/src/rp2_common/pico_divider/divider.S.obj
                0x0000000010003788                __wrap___aeabi_ldivmod
                0x0000000010003788                div_s64s64
                0x0000000010003788                divmod_s64s64
                0x00000000100037c0                divmod_u64u64
                0x00000000100037c0                div_u64u64
                0x00000000100037c0                __wrap___aeabi_uldivmod
                0x00000000100037d0                divmod_u64u64_savestate
                0x00000000100037f8                divmod_s64s64_unsafe
                0x0000000010003880                divmod_u64u64_unsafe
 .text.__wrap___aeabi_darithmetic
                0x0000000010003bbc       0x60 CMakeFiles/blink.dir/Users/amrit/Desktop/PICO_REPOS/pico-sdk/src/rp2_common/pico_double/double_aeabi.S.obj
                0x0000000010003bbc                __wrap___aeabi_drsub
                0x0000000010003bc2                __wrap___aeabi_dsub
                0x0000000010003bcc                __wrap___aeabi_dadd
                0x0000000010003bd6                __wrap___aeabi_ddiv
                0x0000000010003c0a                __wrap___aeabi_dmul
 .text.__wrap___aeabi_cdcmple
                0x0000000010003c1c       0x6c CMakeFiles/blink.dir/Users/amrit/Desktop/PICO_REPOS/pico-sdk/src/rp2_common/pico_double/double_aeabi.S.obj
                0x0000000010003c1c                __wrap___aeabi_cdrcmple
                0x0000000010003c2c                __wrap___aeabi_cdcmple
                0x0000000010003c2c                __wrap___aeabi_cdcmpeq
 .text.__wrap___aeabi_dcmplt
                0x0000000010003c88        0xc CMakeFiles/blink.dir/Users/amrit/Desktop/PICO_REPOS/pico-sdk/src/rp2_common/pico_double/double_aeabi.S.obj
                0x0000000010003c88                __wrap___aeabi_dcmplt
 .text.__wrap___aeabi_dcmple
                0x0000000010003c94       0x10 CMakeFiles/blink.dir/Users/amrit/Desktop/PICO_REPOS/pico-sdk/src/rp2_common/pico_double/double_aeabi.S.obj
                0x0000000010003c94                __wrap___aeabi_dcmple
 .text.__wrap___aeabi_dcmpge
                0x0000000010003ca4       0x10 CMakeFiles/blink.dir/Users/amrit/Desktop/PICO_REPOS/pico-sdk/src/rp2_common/pico_double/double_aeabi.S.obj
                0x0000000010003ca4                __wrap___aeabi_dcmpge
 .text.__wrap___aeabi_dcmpgt
                0x0000000010003cb4        0xa CMakeFiles/blink.dir/Users/amrit/Desktop/PICO_REPOS/pico-sdk/src/rp2_common/pico_double/double_aeabi.S.obj
                0x0000000010003cb4                __wrap___aeabi_dcmpgt
 .text.__wrap___aeabi_dcmpun
                0x0000000010003cbe       0x1c CMakeFiles/blink.dir/Users/amrit/Desktop/PICO_REPOS/pico-sdk/src/rp2_common/pico_double/double_aeabi.S.obj
                0x0000000010003cbe                __wrap___aeabi_dcmpun
 *fill*         0x0000000010003cda        0x2 
 .text.__wrap___aeabi_i2d
                0x0000000010003cdc       0x38 CMakeFiles/blink.dir/Users/amrit/Desktop/PICO_REPOS/pico-sdk/src/rp2_common/pico_double/double_aeabi.S.obj
                0x0000000010003cdc                __wrap___aeabi_ui2d
                0x0000000010003ce4                __wrap___aeabi_i2d
 .text.__wrap___aeabi_d2iz
                0x0000000010003d14       0x48 CMakeFiles/blink.dir/Users/amrit/Desktop/PICO_REPOS/pico-sdk/src/rp2_common/pico_double/double_aeabi.S.obj
                0x0000000010003d14                __wrap___aeabi_d2iz
                0x0000000010003d14                double2int_z
 .text.__wrap___aeabi_d2uiz
                0x0000000010003d5c       0x10 CMakeFiles/blink.dir/Users/amrit/Desktop/PICO_REPOS/pico-sdk/src/rp2_common/pico_double/double_aeabi.S.obj
                0x0000000010003d5c                double2uint
                0x0000000010003d5c                __wrap___aeabi_d2uiz
 .text.missing_double_func_shim
                0x0000000010003d6c        0xc CMakeFiles/blink.dir/Users/amrit/Desktop/PICO_REPOS/pico-sdk/src/rp2_common/pico_double/double_init_rom.c.obj
 .text.__aeabi_double_init
                0x0000000010003d78       0xcc CMakeFiles/blink.dir/Users/amrit/Desktop/PICO_REPOS/pico-sdk/src/rp2_common/pico_double/double_init_rom.c.obj
                0x0000000010003d78                __aeabi_double_init
 .text.double_table_shim_on_use_helper
                0x0000000010003e44       0x34 CMakeFiles/blink.dir/Users/amrit/Desktop/PICO_REPOS/pico-sdk/src/rp2_common/pico_double/double_v1_rom_shim.S.obj
                0x0000000010003e44                double_table_shim_on_use_helper
 .text.__aeabi_lmul
                0x0000000010003e78       0x32 CMakeFiles/blink.dir/Users/amrit/Desktop/PICO_REPOS/pico-sdk/src/rp2_common/pico_int64_ops/pico_int64_ops_aeabi.S.obj
                0x0000000010003e78                __wrap___aeabi_lmul
 *fill*         0x0000000010003eaa        0x2 
 .text.missing_float_func_shim
                0x0000000010003eac        0xc CMakeFiles/blink.dir/Users/amrit/Desktop/PICO_REPOS/pico-sdk/src/rp2_common/pico_float/float_init_rom.c.obj
 .text.__aeabi_float_init
                0x0000000010003eb8       0x88 CMakeFiles/blink.dir/Users/amrit/Desktop/PICO_REPOS/pico-sdk/src/rp2_common/pico_float/float_init_rom.c.obj
                0x0000000010003eb8                __aeabi_float_init
 .text          0x0000000010003f40       0x10 CMakeFiles/blink.dir/Users/amrit/Desktop/PICO_REPOS/pico-sdk/src/rp2_common/pico_mem_ops/mem_ops_aeabi.S.obj
                0x0000000010003f40                __aeabi_mem_init
 .text.memset   0x0000000010003f50        0xc CMakeFiles/blink.dir/Users/amrit/Desktop/PICO_REPOS/pico-sdk/src/rp2_common/pico_mem_ops/mem_ops_aeabi.S.obj
                0x0000000010003f50                __wrap_memset
 .text.memcpy   0x0000000010003f5c        0xc CMakeFiles/blink.dir/Users/amrit/Desktop/PICO_REPOS/pico-sdk/src/rp2_common/pico_mem_ops/mem_ops_aeabi.S.obj
                0x0000000010003f5c                __wrap___aeabi_memcpy
                0x0000000010003f5c                __wrap_memcpy
 .text.stdio_out_chars_no_crlf
                0x0000000010003f68        0xe CMakeFiles/blink.dir/Users/amrit/Desktop/PICO_REPOS/pico-sdk/src/rp2_common/pico_stdio/stdio.c.obj
 *fill*         0x0000000010003f76        0x2 
 .text.stdio_out_chars_crlf
                0x0000000010003f78       0x80 CMakeFiles/blink.dir/Users/amrit/Desktop/PICO_REPOS/pico-sdk/src/rp2_common/pico_stdio/stdio.c.obj
 .text.stdio_stack_buffer_flush
                0x0000000010003ff8       0x44 CMakeFiles/blink.dir/Users/amrit/Desktop/PICO_REPOS/pico-sdk/src/rp2_common/pico_stdio/stdio.c.obj
 .text.stdio_buffered_printer
                0x000000001000403c       0x20 CMakeFiles/blink.dir/Users/amrit/Desktop/PICO_REPOS/pico-sdk/src/rp2_common/pico_stdio/stdio.c.obj
 .text.stdout_serialize_begin
                0x000000001000405c       0x30 CMakeFiles/blink.dir/Users/amrit/Desktop/PICO_REPOS/pico-sdk/src/rp2_common/pico_stdio/stdio.c.obj
                0x000000001000405c                stdout_serialize_begin
 .text.stdout_serialize_end
                0x000000001000408c       0x10 CMakeFiles/blink.dir/Users/amrit/Desktop/PICO_REPOS/pico-sdk/src/rp2_common/pico_stdio/stdio.c.obj
                0x000000001000408c                stdout_serialize_end
 .text.stdio_put_string
                0x000000001000409c       0x98 CMakeFiles/blink.dir/Users/amrit/Desktop/PICO_REPOS/pico-sdk/src/rp2_common/pico_stdio/stdio.c.obj
 .text.stdio_set_driver_enabled
                0x0000000010004134       0x2c CMakeFiles/blink.dir/Users/amrit/Desktop/PICO_REPOS/pico-sdk/src/rp2_common/pico_stdio/stdio.c.obj
                0x0000000010004134                stdio_set_driver_enabled
 .text.stdio_flush
                0x0000000010004160       0x20 CMakeFiles/blink.dir/Users/amrit/Desktop/PICO_REPOS/pico-sdk/src/rp2_common/pico_stdio/stdio.c.obj
                0x0000000010004160                stdio_flush
 .text.__wrap_puts
                0x0000000010004180       0x1e CMakeFiles/blink.dir/Users/amrit/Desktop/PICO_REPOS/pico-sdk/src/rp2_common/pico_stdio/stdio.c.obj
                0x0000000010004180                __wrap_puts
 *fill*         0x000000001000419e        0x2 
 .text.__wrap_vprintf
                0x00000000100041a0       0x44 CMakeFiles/blink.dir/Users/amrit/Desktop/PICO_REPOS/pico-sdk/src/rp2_common/pico_stdio/stdio.c.obj
                0x00000000100041a0                __wrap_vprintf
 .text.__wrap_printf
                0x00000000100041e4       0x18 CMakeFiles/blink.dir/Users/amrit/Desktop/PICO_REPOS/pico-sdk/src/rp2_common/pico_stdio/stdio.c.obj
                0x00000000100041e4                __wrap_printf
 .text.stdio_init_all
                0x00000000100041fc        0x8 CMakeFiles/blink.dir/Users/amrit/Desktop/PICO_REPOS/pico-sdk/src/rp2_common/pico_stdio/stdio.c.obj
                0x00000000100041fc                stdio_init_all
 .text.stdio_uart_out_chars
                0x0000000010004204       0x74 CMakeFiles/blink.dir/Users/amrit/Desktop/PICO_REPOS/pico-sdk/src/rp2_common/pico_stdio_uart/stdio_uart.c.obj
 .text.stdio_uart_in_chars
                0x0000000010004278       0x58 CMakeFiles/blink.dir/Users/amrit/Desktop/PICO_REPOS/pico-sdk/src/rp2_common/pico_stdio_uart/stdio_uart.c.obj
                0x0000000010004278                stdio_uart_in_chars
 .text.stdio_uart_init_full
                0x00000000100042d0       0x3c CMakeFiles/blink.dir/Users/amrit/Desktop/PICO_REPOS/pico-sdk/src/rp2_common/pico_stdio_uart/stdio_uart.c.obj
                0x00000000100042d0                stdio_uart_init_full
 .text.stdio_uart_init
                0x000000001000430c       0x28 CMakeFiles/blink.dir/Users/amrit/Desktop/PICO_REPOS/pico-sdk/src/rp2_common/pico_stdio_uart/stdio_uart.c.obj
                0x000000001000430c                stdio_uart_init
 .text.storage_read_blocks
                0x0000000010004334        0x6 CMakeFiles/blink.dir/Users/amrit/Desktop/PICO_REPOS/pico-sdk/src/rp2_common/pico_cyw43_arch/cyw43_arch.c.obj
                0x0000000010004334                storage_read_blocks
 *fill*         0x000000001000433a        0x2 
 .text.cyw43_hal_generate_laa_mac
                0x000000001000433c       0x34 CMakeFiles/blink.dir/Users/amrit/Desktop/PICO_REPOS/pico-sdk/src/rp2_common/pico_cyw43_arch/cyw43_arch.c.obj
                0x000000001000433c                cyw43_hal_generate_laa_mac
 .text.cyw43_arch_gpio_put
                0x0000000010004370       0x14 CMakeFiles/blink.dir/Users/amrit/Desktop/PICO_REPOS/pico-sdk/src/rp2_common/pico_cyw43_arch/cyw43_arch.c.obj
                0x0000000010004370                cyw43_arch_gpio_put
 .text.low_prio_irq_schedule_dispatch
                0x0000000010004384       0x68 CMakeFiles/blink.dir/Users/amrit/Desktop/PICO_REPOS/pico-sdk/src/rp2_common/pico_cyw43_arch/cyw43_arch_threadsafe_background.c.obj
 .text.gpio_irq_handler
                0x00000000100043ec       0x58 CMakeFiles/blink.dir/Users/amrit/Desktop/PICO_REPOS/pico-sdk/src/rp2_common/pico_cyw43_arch/cyw43_arch_threadsafe_background.c.obj
 .text.periodic_alarm_handler
                0x0000000010004444       0x18 CMakeFiles/blink.dir/Users/amrit/Desktop/PICO_REPOS/pico-sdk/src/rp2_common/pico_cyw43_arch/cyw43_arch_threadsafe_background.c.obj
 .text.periodic_worker
                0x000000001000445c       0x30 CMakeFiles/blink.dir/Users/amrit/Desktop/PICO_REPOS/pico-sdk/src/rp2_common/pico_cyw43_arch/cyw43_arch_threadsafe_background.c.obj
 .text.low_prio_irq_init
                0x000000001000448c       0x64 CMakeFiles/blink.dir/Users/amrit/Desktop/PICO_REPOS/pico-sdk/src/rp2_common/pico_cyw43_arch/cyw43_arch_threadsafe_background.c.obj
 .text.low_priority_irq_handler
                0x00000000100044f0       0x9c CMakeFiles/blink.dir/Users/amrit/Desktop/PICO_REPOS/pico-sdk/src/rp2_common/pico_cyw43_arch/cyw43_arch_threadsafe_background.c.obj
 .text.low_prio_irq_deinit
                0x000000001000458c       0x30 CMakeFiles/blink.dir/Users/amrit/Desktop/PICO_REPOS/pico-sdk/src/rp2_common/pico_cyw43_arch/cyw43_arch_threadsafe_background.c.obj
 .text.no_lwip_fail
                0x00000000100045bc        0xc CMakeFiles/blink.dir/Users/amrit/Desktop/PICO_REPOS/pico-sdk/src/rp2_common/pico_cyw43_arch/cyw43_arch_threadsafe_background.c.obj
 .text.cyw43_delay_until
                0x00000000100045c8       0x22 CMakeFiles/blink.dir/Users/amrit/Desktop/PICO_REPOS/pico-sdk/src/rp2_common/pico_cyw43_arch/cyw43_arch_threadsafe_background.c.obj
 *fill*         0x00000000100045ea        0x2 
 .text.cyw43_await_background_or_timeout_us
                0x00000000100045ec       0x1c CMakeFiles/blink.dir/Users/amrit/Desktop/PICO_REPOS/pico-sdk/src/rp2_common/pico_cyw43_arch/cyw43_arch_threadsafe_background.c.obj
                0x00000000100045ec                cyw43_await_background_or_timeout_us
 .text.cyw43_arch_deinit
                0x0000000010004608       0x40 CMakeFiles/blink.dir/Users/amrit/Desktop/PICO_REPOS/pico-sdk/src/rp2_common/pico_cyw43_arch/cyw43_arch_threadsafe_background.c.obj
                0x0000000010004608                cyw43_arch_deinit
 .text.cyw43_arch_init
                0x0000000010004648       0xec CMakeFiles/blink.dir/Users/amrit/Desktop/PICO_REPOS/pico-sdk/src/rp2_common/pico_cyw43_arch/cyw43_arch_threadsafe_background.c.obj
                0x0000000010004648                cyw43_arch_init
 .text.cyw43_post_poll_hook
                0x0000000010004734        0xe CMakeFiles/blink.dir/Users/amrit/Desktop/PICO_REPOS/pico-sdk/src/rp2_common/pico_cyw43_arch/cyw43_arch_threadsafe_background.c.obj
                0x0000000010004734                cyw43_post_poll_hook
 .text.cyw43_schedule_internal_poll_dispatch
                0x0000000010004742        0xc CMakeFiles/blink.dir/Users/amrit/Desktop/PICO_REPOS/pico-sdk/src/rp2_common/pico_cyw43_arch/cyw43_arch_threadsafe_background.c.obj
                0x0000000010004742                cyw43_schedule_internal_poll_dispatch
 *fill*         0x000000001000474e        0x2 
 .text.cyw43_thread_enter
                0x0000000010004750       0x10 CMakeFiles/blink.dir/Users/amrit/Desktop/PICO_REPOS/pico-sdk/src/rp2_common/pico_cyw43_arch/cyw43_arch_threadsafe_background.c.obj
                0x0000000010004750                cyw43_thread_enter
 .text.cyw43_thread_lock_check
                0x0000000010004760       0x2c CMakeFiles/blink.dir/Users/amrit/Desktop/PICO_REPOS/pico-sdk/src/rp2_common/pico_cyw43_arch/cyw43_arch_threadsafe_background.c.obj
                0x0000000010004760                cyw43_thread_lock_check
 .text.cyw43_thread_exit
                0x000000001000478c       0x58 CMakeFiles/blink.dir/Users/amrit/Desktop/PICO_REPOS/pico-sdk/src/rp2_common/pico_cyw43_arch/cyw43_arch_threadsafe_background.c.obj
                0x000000001000478c                cyw43_thread_exit
 .text.cyw43_delay_ms
                0x00000000100047e4       0x64 CMakeFiles/blink.dir/Users/amrit/Desktop/PICO_REPOS/pico-sdk/src/rp2_common/pico_cyw43_arch/cyw43_arch_threadsafe_background.c.obj
                0x00000000100047e4                cyw43_delay_ms
 .text.cyw43_cb_tcpip_deinit
                0x0000000010004848        0x2 CMakeFiles/blink.dir/Users/amrit/Desktop/PICO_REPOS/pico-sdk/src/rp2_common/pico_cyw43_arch/cyw43_arch_threadsafe_background.c.obj
                0x0000000010004848                cyw43_cb_tcpip_deinit
 .text.cyw43_cb_tcpip_set_link_up
                0x000000001000484a        0x6 CMakeFiles/blink.dir/Users/amrit/Desktop/PICO_REPOS/pico-sdk/src/rp2_common/pico_cyw43_arch/cyw43_arch_threadsafe_background.c.obj
                0x000000001000484a                cyw43_cb_tcpip_set_link_up
 .text.cyw43_cb_tcpip_set_link_down
                0x0000000010004850        0x6 CMakeFiles/blink.dir/Users/amrit/Desktop/PICO_REPOS/pico-sdk/src/rp2_common/pico_cyw43_arch/cyw43_arch_threadsafe_background.c.obj
                0x0000000010004850                cyw43_cb_tcpip_set_link_down
 .text.cyw43_cb_process_ethernet
                0x0000000010004856        0x6 CMakeFiles/blink.dir/Users/amrit/Desktop/PICO_REPOS/pico-sdk/src/rp2_common/pico_cyw43_arch/cyw43_arch_threadsafe_background.c.obj
                0x0000000010004856                cyw43_cb_process_ethernet
 .text._retrieve_unique_id_on_boot
                0x000000001000485c       0x10 CMakeFiles/blink.dir/Users/amrit/Desktop/PICO_REPOS/pico-sdk/src/rp2_common/pico_unique_id/unique_id.c.obj
 .text.pico_get_unique_board_id
                0x000000001000486c       0x10 CMakeFiles/blink.dir/Users/amrit/Desktop/PICO_REPOS/pico-sdk/src/rp2_common/pico_unique_id/unique_id.c.obj
                0x000000001000486c                pico_get_unique_board_id
 .text.flash_get_unique_id
                0x000000001000487c       0x46 CMakeFiles/blink.dir/Users/amrit/Desktop/PICO_REPOS/pico-sdk/src/rp2_common/hardware_flash/flash.c.obj
                0x000000001000487c                flash_get_unique_id
 .text.cs_set   0x00000000100048c2       0x1c CMakeFiles/blink.dir/Users/amrit/Desktop/PICO_REPOS/pico-sdk/src/rp2_common/cyw43_driver/cyw43_bus_pio_spi.c.obj
 .text.start_spi_comms
                0x00000000100048de       0x18 CMakeFiles/blink.dir/Users/amrit/Desktop/PICO_REPOS/pico-sdk/src/rp2_common/cyw43_driver/cyw43_bus_pio_spi.c.obj
 *fill*         0x00000000100048f6        0x2 
 .text.ns_delay
                0x00000000100048f8       0x20 CMakeFiles/blink.dir/Users/amrit/Desktop/PICO_REPOS/pico-sdk/src/rp2_common/cyw43_driver/cyw43_bus_pio_spi.c.obj
 .text.stop_spi_comms
                0x0000000010004918       0x10 CMakeFiles/blink.dir/Users/amrit/Desktop/PICO_REPOS/pico-sdk/src/rp2_common/cyw43_driver/cyw43_bus_pio_spi.c.obj
 .text.cyw43_spi_deinit
                0x0000000010004928       0x64 CMakeFiles/blink.dir/Users/amrit/Desktop/PICO_REPOS/pico-sdk/src/rp2_common/cyw43_driver/cyw43_bus_pio_spi.c.obj
                0x0000000010004928                cyw43_spi_deinit
 .text.cyw43_spi_init
                0x000000001000498c      0x28c CMakeFiles/blink.dir/Users/amrit/Desktop/PICO_REPOS/pico-sdk/src/rp2_common/cyw43_driver/cyw43_bus_pio_spi.c.obj
                0x000000001000498c                cyw43_spi_init
 .text.cyw43_spi_transfer
                0x0000000010004c18      0x660 CMakeFiles/blink.dir/Users/amrit/Desktop/PICO_REPOS/pico-sdk/src/rp2_common/cyw43_driver/cyw43_bus_pio_spi.c.obj
                0x0000000010004c18                cyw43_spi_transfer
 .text.cyw43_spi_gpio_setup
                0x0000000010005278       0x3a CMakeFiles/blink.dir/Users/amrit/Desktop/PICO_REPOS/pico-sdk/src/rp2_common/cyw43_driver/cyw43_bus_pio_spi.c.obj
                0x0000000010005278                cyw43_spi_gpio_setup
 .text.cyw43_spi_reset
                0x00000000100052b2       0x28 CMakeFiles/blink.dir/Users/amrit/Desktop/PICO_REPOS/pico-sdk/src/rp2_common/cyw43_driver/cyw43_bus_pio_spi.c.obj
                0x00000000100052b2                cyw43_spi_reset
 *fill*         0x00000000100052da        0x2 
 .text.read_reg_u32_swap
                0x00000000100052dc       0x68 CMakeFiles/blink.dir/Users/amrit/Desktop/PICO_REPOS/pico-sdk/src/rp2_common/cyw43_driver/cyw43_bus_pio_spi.c.obj
                0x00000000100052dc                read_reg_u32_swap
 .text.cyw43_read_reg_u32
                0x0000000010005344       0x50 CMakeFiles/blink.dir/Users/amrit/Desktop/PICO_REPOS/pico-sdk/src/rp2_common/cyw43_driver/cyw43_bus_pio_spi.c.obj
                0x0000000010005344                cyw43_read_reg_u32
 .text.cyw43_read_reg_u16
                0x0000000010005394       0x50 CMakeFiles/blink.dir/Users/amrit/Desktop/PICO_REPOS/pico-sdk/src/rp2_common/cyw43_driver/cyw43_bus_pio_spi.c.obj
                0x0000000010005394                cyw43_read_reg_u16
 .text.cyw43_read_reg_u8
                0x00000000100053e4       0x50 CMakeFiles/blink.dir/Users/amrit/Desktop/PICO_REPOS/pico-sdk/src/rp2_common/cyw43_driver/cyw43_bus_pio_spi.c.obj
                0x00000000100053e4                cyw43_read_reg_u8
 .text.write_reg_u32_swap
                0x0000000010005434       0x34 CMakeFiles/blink.dir/Users/amrit/Desktop/PICO_REPOS/pico-sdk/src/rp2_common/cyw43_driver/cyw43_bus_pio_spi.c.obj
                0x0000000010005434                write_reg_u32_swap
 .text.cyw43_write_reg_u32
                0x0000000010005468       0x58 CMakeFiles/blink.dir/Users/amrit/Desktop/PICO_REPOS/pico-sdk/src/rp2_common/cyw43_driver/cyw43_bus_pio_spi.c.obj
                0x0000000010005468                cyw43_write_reg_u32
 .text.cyw43_write_reg_u16
                0x00000000100054c0       0x58 CMakeFiles/blink.dir/Users/amrit/Desktop/PICO_REPOS/pico-sdk/src/rp2_common/cyw43_driver/cyw43_bus_pio_spi.c.obj
                0x00000000100054c0                cyw43_write_reg_u16
 .text.cyw43_write_reg_u8
                0x0000000010005518       0x58 CMakeFiles/blink.dir/Users/amrit/Desktop/PICO_REPOS/pico-sdk/src/rp2_common/cyw43_driver/cyw43_bus_pio_spi.c.obj
                0x0000000010005518                cyw43_write_reg_u8
 .text.cyw43_read_bytes
                0x0000000010005570       0xc4 CMakeFiles/blink.dir/Users/amrit/Desktop/PICO_REPOS/pico-sdk/src/rp2_common/cyw43_driver/cyw43_bus_pio_spi.c.obj
                0x0000000010005570                cyw43_read_bytes
 .text.cyw43_write_bytes
                0x0000000010005634      0x134 CMakeFiles/blink.dir/Users/amrit/Desktop/PICO_REPOS/pico-sdk/src/rp2_common/cyw43_driver/cyw43_bus_pio_spi.c.obj
                0x0000000010005634                cyw43_write_bytes
 .text.get_core_address
                0x0000000010005768       0x1c CMakeFiles/blink.dir/Users/amrit/Desktop/PICO_REPOS/pico-sdk/lib/cyw43-driver/src/cyw43_ll.c.obj
 .text.sdpcm_process_rx_packet
                0x0000000010005784      0x180 CMakeFiles/blink.dir/Users/amrit/Desktop/PICO_REPOS/pico-sdk/lib/cyw43-driver/src/cyw43_ll.c.obj
 .text.cyw43_ll_wifi_parse_scan_result
                0x0000000010005904       0x9c CMakeFiles/blink.dir/Users/amrit/Desktop/PICO_REPOS/pico-sdk/lib/cyw43-driver/src/cyw43_ll.c.obj
 .text.cyw43_ll_parse_async_event
                0x00000000100059a0       0x8e CMakeFiles/blink.dir/Users/amrit/Desktop/PICO_REPOS/pico-sdk/lib/cyw43-driver/src/cyw43_ll.c.obj
 *fill*         0x0000000010005a2e        0x2 
 .text.cyw43_read_reg
                0x0000000010005a30       0x48 CMakeFiles/blink.dir/Users/amrit/Desktop/PICO_REPOS/pico-sdk/lib/cyw43-driver/src/cyw43_ll.c.obj
 .text.cyw43_kso_set
                0x0000000010005a78       0x98 CMakeFiles/blink.dir/Users/amrit/Desktop/PICO_REPOS/pico-sdk/lib/cyw43-driver/src/cyw43_ll.c.obj
 .text.cyw43_ll_bus_sleep_helper
                0x0000000010005b10        0xe CMakeFiles/blink.dir/Users/amrit/Desktop/PICO_REPOS/pico-sdk/lib/cyw43-driver/src/cyw43_ll.c.obj
 *fill*         0x0000000010005b1e        0x2 
 .text.cyw43_write_reg
                0x0000000010005b20       0x4c CMakeFiles/blink.dir/Users/amrit/Desktop/PICO_REPOS/pico-sdk/lib/cyw43-driver/src/cyw43_ll.c.obj
 .text.cyw43_set_backplane_window
                0x0000000010005b6c       0x74 CMakeFiles/blink.dir/Users/amrit/Desktop/PICO_REPOS/pico-sdk/lib/cyw43-driver/src/cyw43_ll.c.obj
 .text.cyw43_read_backplane
                0x0000000010005be0       0x36 CMakeFiles/blink.dir/Users/amrit/Desktop/PICO_REPOS/pico-sdk/lib/cyw43-driver/src/cyw43_ll.c.obj
 *fill*         0x0000000010005c16        0x2 
 .text.disable_device_core
                0x0000000010005c18       0x3c CMakeFiles/blink.dir/Users/amrit/Desktop/PICO_REPOS/pico-sdk/lib/cyw43-driver/src/cyw43_ll.c.obj
 .text.device_core_is_up
                0x0000000010005c54       0x4c CMakeFiles/blink.dir/Users/amrit/Desktop/PICO_REPOS/pico-sdk/lib/cyw43-driver/src/cyw43_ll.c.obj
 .text.cyw43_write_backplane
                0x0000000010005ca0       0x3a CMakeFiles/blink.dir/Users/amrit/Desktop/PICO_REPOS/pico-sdk/lib/cyw43-driver/src/cyw43_ll.c.obj
 .text.reset_device_core
                0x0000000010005cda       0x74 CMakeFiles/blink.dir/Users/amrit/Desktop/PICO_REPOS/pico-sdk/lib/cyw43-driver/src/cyw43_ll.c.obj
 *fill*         0x0000000010005d4e        0x2 
 .text.cyw43_download_resource
                0x0000000010005d50      0x178 CMakeFiles/blink.dir/Users/amrit/Desktop/PICO_REPOS/pico-sdk/lib/cyw43-driver/src/cyw43_ll.c.obj
 .text.cyw43_ll_init
                0x0000000010005ec8       0x1e CMakeFiles/blink.dir/Users/amrit/Desktop/PICO_REPOS/pico-sdk/lib/cyw43-driver/src/cyw43_ll.c.obj
                0x0000000010005ec8                cyw43_ll_init
 .text.cyw43_ll_bus_sleep
                0x0000000010005ee6       0x34 CMakeFiles/blink.dir/Users/amrit/Desktop/PICO_REPOS/pico-sdk/lib/cyw43-driver/src/cyw43_ll.c.obj
                0x0000000010005ee6                cyw43_ll_bus_sleep
 *fill*         0x0000000010005f1a        0x2 
 .text.cyw43_ll_sdpcm_poll_device
                0x0000000010005f1c      0x158 CMakeFiles/blink.dir/Users/amrit/Desktop/PICO_REPOS/pico-sdk/lib/cyw43-driver/src/cyw43_ll.c.obj
 .text.cyw43_ll_process_packets
                0x0000000010006074       0x58 CMakeFiles/blink.dir/Users/amrit/Desktop/PICO_REPOS/pico-sdk/lib/cyw43-driver/src/cyw43_ll.c.obj
                0x0000000010006074                cyw43_ll_process_packets
 .text.cyw43_sdpcm_send_common
                0x00000000100060cc      0x168 CMakeFiles/blink.dir/Users/amrit/Desktop/PICO_REPOS/pico-sdk/lib/cyw43-driver/src/cyw43_ll.c.obj
 .text.cyw43_send_ioctl
                0x0000000010006234       0x56 CMakeFiles/blink.dir/Users/amrit/Desktop/PICO_REPOS/pico-sdk/lib/cyw43-driver/src/cyw43_ll.c.obj
 *fill*         0x000000001000628a        0x2 
 .text.cyw43_do_ioctl
                0x000000001000628c       0xc0 CMakeFiles/blink.dir/Users/amrit/Desktop/PICO_REPOS/pico-sdk/lib/cyw43-driver/src/cyw43_ll.c.obj
 .text.cyw43_ll_ioctl
                0x000000001000634c       0x1e CMakeFiles/blink.dir/Users/amrit/Desktop/PICO_REPOS/pico-sdk/lib/cyw43-driver/src/cyw43_ll.c.obj
                0x000000001000634c                cyw43_ll_ioctl
 *fill*         0x000000001000636a        0x2 
 .text.cyw43_clm_load
                0x000000001000636c       0xdc CMakeFiles/blink.dir/Users/amrit/Desktop/PICO_REPOS/pico-sdk/lib/cyw43-driver/src/cyw43_ll.c.obj
 .text.cyw43_write_iovar_u32
                0x0000000010006448       0x60 CMakeFiles/blink.dir/Users/amrit/Desktop/PICO_REPOS/pico-sdk/lib/cyw43-driver/src/cyw43_ll.c.obj
 .text.cyw43_write_iovar_n
                0x00000000100064a8       0x50 CMakeFiles/blink.dir/Users/amrit/Desktop/PICO_REPOS/pico-sdk/lib/cyw43-driver/src/cyw43_ll.c.obj
 .text.cyw43_do_ioctl_u32
                0x00000000100064f8       0x2e CMakeFiles/blink.dir/Users/amrit/Desktop/PICO_REPOS/pico-sdk/lib/cyw43-driver/src/cyw43_ll.c.obj
 .text.cyw43_write_iovar_u32_u32
                0x0000000010006526       0x74 CMakeFiles/blink.dir/Users/amrit/Desktop/PICO_REPOS/pico-sdk/lib/cyw43-driver/src/cyw43_ll.c.obj
 *fill*         0x000000001000659a        0x2 
 .text.cyw43_ll_wifi_get_mac
                0x000000001000659c       0x48 CMakeFiles/blink.dir/Users/amrit/Desktop/PICO_REPOS/pico-sdk/lib/cyw43-driver/src/cyw43_ll.c.obj
                0x000000001000659c                cyw43_ll_wifi_get_mac
 .text.cyw43_ll_bus_init
                0x00000000100065e4      0x360 CMakeFiles/blink.dir/Users/amrit/Desktop/PICO_REPOS/pico-sdk/lib/cyw43-driver/src/cyw43_ll.c.obj
                0x00000000100065e4                cyw43_ll_bus_init
 .text.cyw43_ll_wifi_set_wpa_auth
                0x0000000010006944       0x16 CMakeFiles/blink.dir/Users/amrit/Desktop/PICO_REPOS/pico-sdk/lib/cyw43-driver/src/cyw43_ll.c.obj
                0x0000000010006944                cyw43_ll_wifi_set_wpa_auth
 *fill*         0x000000001000695a        0x2 
 .text.cyw43_ll_wifi_rejoin
                0x000000001000695c       0x20 CMakeFiles/blink.dir/Users/amrit/Desktop/PICO_REPOS/pico-sdk/lib/cyw43-driver/src/cyw43_ll.c.obj
                0x000000001000695c                cyw43_ll_wifi_rejoin
 .text.cyw43_ll_gpio_set
                0x000000001000697c       0x30 CMakeFiles/blink.dir/Users/amrit/Desktop/PICO_REPOS/pico-sdk/lib/cyw43-driver/src/cyw43_ll.c.obj
                0x000000001000697c                cyw43_ll_gpio_set
 .text.cyw43_ll_has_work
                0x00000000100069ac       0x12 CMakeFiles/blink.dir/Users/amrit/Desktop/PICO_REPOS/pico-sdk/lib/cyw43-driver/src/cyw43_ll.c.obj
                0x00000000100069ac                cyw43_ll_has_work
 *fill*         0x00000000100069be        0x2 
 .text.cyw43_poll_func
                0x00000000100069c0       0xac CMakeFiles/blink.dir/Users/amrit/Desktop/PICO_REPOS/pico-sdk/lib/cyw43-driver/src/cyw43_ctrl.c.obj
 .text.cyw43_dump_async_event
                0x0000000010006a6c       0x8c CMakeFiles/blink.dir/Users/amrit/Desktop/PICO_REPOS/pico-sdk/lib/cyw43-driver/src/cyw43_ctrl.c.obj
 .text.cyw43_ensure_up
                0x0000000010006af8       0xec CMakeFiles/blink.dir/Users/amrit/Desktop/PICO_REPOS/pico-sdk/lib/cyw43-driver/src/cyw43_ctrl.c.obj
 .text.cyw43_init
                0x0000000010006be4       0x8c CMakeFiles/blink.dir/Users/amrit/Desktop/PICO_REPOS/pico-sdk/lib/cyw43-driver/src/cyw43_ctrl.c.obj
                0x0000000010006be4                cyw43_init
 .text.cyw43_cb_read_host_interrupt_pin
                0x0000000010006c70        0xe CMakeFiles/blink.dir/Users/amrit/Desktop/PICO_REPOS/pico-sdk/lib/cyw43-driver/src/cyw43_ctrl.c.obj
                0x0000000010006c70                cyw43_cb_read_host_interrupt_pin
 *fill*         0x0000000010006c7e        0x2 
 .text.cyw43_cb_ensure_awake
                0x0000000010006c80        0xc CMakeFiles/blink.dir/Users/amrit/Desktop/PICO_REPOS/pico-sdk/lib/cyw43-driver/src/cyw43_ctrl.c.obj
                0x0000000010006c80                cyw43_cb_ensure_awake
 .text.cyw43_cb_process_async_event
                0x0000000010006c8c      0x1d0 CMakeFiles/blink.dir/Users/amrit/Desktop/PICO_REPOS/pico-sdk/lib/cyw43-driver/src/cyw43_ctrl.c.obj
                0x0000000010006c8c                cyw43_cb_process_async_event
 .text.cyw43_gpio_set
                0x0000000010006e5c       0x30 CMakeFiles/blink.dir/Users/amrit/Desktop/PICO_REPOS/pico-sdk/lib/cyw43-driver/src/cyw43_ctrl.c.obj
                0x0000000010006e5c                cyw43_gpio_set
 .text._pio_can_add_program_at_offset
                0x0000000010006e8c       0x3c CMakeFiles/blink.dir/Users/amrit/Desktop/PICO_REPOS/pico-sdk/src/rp2_common/hardware_pio/pio.c.obj
 .text._pio_find_offset_for_program
                0x0000000010006ec8       0x7c CMakeFiles/blink.dir/Users/amrit/Desktop/PICO_REPOS/pico-sdk/src/rp2_common/hardware_pio/pio.c.obj
 .text._pio_add_program_at_offset
                0x0000000010006f44       0x78 CMakeFiles/blink.dir/Users/amrit/Desktop/PICO_REPOS/pico-sdk/src/rp2_common/hardware_pio/pio.c.obj
 .text.pio_sm_unclaim
                0x0000000010006fbc       0x20 CMakeFiles/blink.dir/Users/amrit/Desktop/PICO_REPOS/pico-sdk/src/rp2_common/hardware_pio/pio.c.obj
                0x0000000010006fbc                pio_sm_unclaim
 .text.pio_claim_unused_sm
                0x0000000010006fdc       0x3c CMakeFiles/blink.dir/Users/amrit/Desktop/PICO_REPOS/pico-sdk/src/rp2_common/hardware_pio/pio.c.obj
                0x0000000010006fdc                pio_claim_unused_sm
 .text.pio_can_add_program
                0x0000000010007018       0x26 CMakeFiles/blink.dir/Users/amrit/Desktop/PICO_REPOS/pico-sdk/src/rp2_common/hardware_pio/pio.c.obj
                0x0000000010007018                pio_can_add_program
 *fill*         0x000000001000703e        0x2 
 .text.pio_add_program
                0x0000000010007040       0x38 CMakeFiles/blink.dir/Users/amrit/Desktop/PICO_REPOS/pico-sdk/src/rp2_common/hardware_pio/pio.c.obj
                0x0000000010007040                pio_add_program
 .text.pio_remove_program
                0x0000000010007078       0x58 CMakeFiles/blink.dir/Users/amrit/Desktop/PICO_REPOS/pico-sdk/src/rp2_common/hardware_pio/pio.c.obj
                0x0000000010007078                pio_remove_program
 .text.pio_sm_set_pindirs_with_mask
                0x00000000100070d0       0x70 CMakeFiles/blink.dir/Users/amrit/Desktop/PICO_REPOS/pico-sdk/src/rp2_common/hardware_pio/pio.c.obj
                0x00000000100070d0                pio_sm_set_pindirs_with_mask
 .text.pio_sm_set_consecutive_pindirs
                0x0000000010007140       0x70 CMakeFiles/blink.dir/Users/amrit/Desktop/PICO_REPOS/pico-sdk/src/rp2_common/hardware_pio/pio.c.obj
                0x0000000010007140                pio_sm_set_consecutive_pindirs
 .text.dma_channel_unclaim
                0x00000000100071b0       0x10 CMakeFiles/blink.dir/Users/amrit/Desktop/PICO_REPOS/pico-sdk/src/rp2_common/hardware_dma/dma.c.obj
                0x00000000100071b0                dma_channel_unclaim
 .text.dma_claim_unused_channel
                0x00000000100071c0       0x20 CMakeFiles/blink.dir/Users/amrit/Desktop/PICO_REPOS/pico-sdk/src/rp2_common/hardware_dma/dma.c.obj
                0x00000000100071c0                dma_claim_unused_channel
 .text.memcmp   0x00000000100071e0       0x48 /usr/local/Cellar/arm-none-eabi-gcc/10.3-2021.07/gcc/bin/../lib/gcc/arm-none-eabi/10.3.1/../../../../arm-none-eabi/lib/thumb/v6-m/nofp/libg.a(lib_a-memcmp.o)
                0x00000000100071e0                memcmp
 .text.memmove  0x0000000010007228       0xac /usr/local/Cellar/arm-none-eabi-gcc/10.3-2021.07/gcc/bin/../lib/gcc/arm-none-eabi/10.3.1/../../../../arm-none-eabi/lib/thumb/v6-m/nofp/libg.a(lib_a-memmove.o)
                0x0000000010007228                memmove
 .text.strlen   0x00000000100072d4       0x5c /usr/local/Cellar/arm-none-eabi-gcc/10.3-2021.07/gcc/bin/../lib/gcc/arm-none-eabi/10.3.1/../../../../arm-none-eabi/lib/thumb/v6-m/nofp/libg.a(lib_a-strlen-stub.o)
                0x00000000100072d4                strlen
 .text.strncmp  0x0000000010007330       0x74 /usr/local/Cellar/arm-none-eabi-gcc/10.3-2021.07/gcc/bin/../lib/gcc/arm-none-eabi/10.3.1/../../../../arm-none-eabi/lib/thumb/v6-m/nofp/libg.a(lib_a-strncmp.o)
                0x0000000010007330                strncmp
 *(.fini)
 .fini          0x00000000100073a4        0x4 /usr/local/Cellar/arm-none-eabi-gcc/10.3-2021.07/gcc/bin/../lib/gcc/arm-none-eabi/10.3.1/thumb/v6-m/nofp/crti.o
                0x00000000100073a4                _fini
 .fini.__stub   0x00000000100073a8       0xb0 linker stubs
 *crtbegin.o(.ctors)
 *crtbegin?.o(.ctors)
 *(EXCLUDE_FILE(*crtend.o *crtend?.o) .ctors)
 *(SORT_BY_NAME(.ctors.*))
 *(.ctors)
 *crtbegin.o(.dtors)
 *crtbegin?.o(.dtors)
 *(EXCLUDE_FILE(*crtend.o *crtend?.o) .dtors)
 *(SORT_BY_NAME(.dtors.*))
 *(.dtors)
 *(.eh_frame*)
 .eh_frame      0x0000000010007458        0x0 /usr/local/Cellar/arm-none-eabi-gcc/10.3-2021.07/gcc/bin/../lib/gcc/arm-none-eabi/10.3.1/thumb/v6-m/nofp/crtbegin.o
                0x0000000010007458                . = ALIGN (0x4)

.glue_7         0x0000000010007458        0x0
 .glue_7        0x0000000010007458        0x0 linker stubs

.glue_7t        0x0000000010007458        0x0
 .glue_7t       0x0000000010007458        0x0 linker stubs

.vfp11_veneer   0x0000000010007458        0x0
 .vfp11_veneer  0x0000000010007458        0x0 linker stubs

.v4_bx          0x0000000010007458        0x0
 .v4_bx         0x0000000010007458        0x0 linker stubs

.iplt           0x0000000010007458        0x0
 .iplt          0x0000000010007458        0x0 /usr/local/Cellar/arm-none-eabi-gcc/10.3-2021.07/gcc/bin/../lib/gcc/arm-none-eabi/10.3.1/thumb/v6-m/nofp/crtbegin.o

.rodata         0x0000000010007458     0x2658
 *(EXCLUDE_FILE(*libm.a: *libc.a:*lib_a-mem*.o *libgcc.a:) .rodata*)
 .rodata.main.str1.4
                0x0000000010007458       0x11 CMakeFiles/blink.dir/blink.c.obj
 *fill*         0x0000000010007469        0x3 
 .rodata.gpio_add_raw_irq_handler_with_order_priority_masked.str1.4
                0x000000001000746c       0x79 CMakeFiles/blink.dir/Users/amrit/Desktop/PICO_REPOS/pico-sdk/src/rp2_common/hardware_gpio/gpio.c.obj
 *fill*         0x00000000100074e5        0x3 
 .rodata.gpio_remove_raw_irq_handler_masked.str1.4
                0x00000000100074e8       0x29 CMakeFiles/blink.dir/Users/amrit/Desktop/PICO_REPOS/pico-sdk/src/rp2_common/hardware_gpio/gpio.c.obj
 *fill*         0x0000000010007511        0x3 
 .rodata.__func__.0
                0x0000000010007514       0x23 CMakeFiles/blink.dir/Users/amrit/Desktop/PICO_REPOS/pico-sdk/src/rp2_common/hardware_gpio/gpio.c.obj
 *fill*         0x0000000010007537        0x1 
 .rodata.__func__.1
                0x0000000010007538       0x34 CMakeFiles/blink.dir/Users/amrit/Desktop/PICO_REPOS/pico-sdk/src/rp2_common/hardware_gpio/gpio.c.obj
 .rodata.hw_claim_clear.str1.4
                0x000000001000756c       0x6f CMakeFiles/blink.dir/Users/amrit/Desktop/PICO_REPOS/pico-sdk/src/rp2_common/hardware_claim/claim.c.obj
 *fill*         0x00000000100075db        0x1 
 .rodata.__func__.0
                0x00000000100075dc        0xf CMakeFiles/blink.dir/Users/amrit/Desktop/PICO_REPOS/pico-sdk/src/rp2_common/hardware_claim/claim.c.obj
 *fill*         0x00000000100075eb        0x1 
 .rodata.make_branch.str1.4
                0x00000000100075ec       0x7b CMakeFiles/blink.dir/Users/amrit/Desktop/PICO_REPOS/pico-sdk/src/rp2_common/hardware_irq/irq.c.obj
 *fill*         0x0000000010007667        0x1 
 .rodata.insert_branch_and_link.str1.4
                0x0000000010007668       0x10 CMakeFiles/blink.dir/Users/amrit/Desktop/PICO_REPOS/pico-sdk/src/rp2_common/hardware_irq/irq.c.obj
 .rodata.irq_set_exclusive_handler.str1.4
                0x0000000010007678       0x36 CMakeFiles/blink.dir/Users/amrit/Desktop/PICO_REPOS/pico-sdk/src/rp2_common/hardware_irq/irq.c.obj
 *fill*         0x00000000100076ae        0x2 
 .rodata.irq_add_shared_handler.str1.4
                0x00000000100076b0       0xd9 CMakeFiles/blink.dir/Users/amrit/Desktop/PICO_REPOS/pico-sdk/src/rp2_common/hardware_irq/irq.c.obj
 *fill*         0x0000000010007789        0x3 
 .rodata.irq_remove_handler.str1.4
                0x000000001000778c       0x2a CMakeFiles/blink.dir/Users/amrit/Desktop/PICO_REPOS/pico-sdk/src/rp2_common/hardware_irq/irq.c.obj
 *fill*         0x00000000100077b6        0x2 
 .rodata.irq_add_tail_to_free_list.str1.4
                0x00000000100077b8       0x3a CMakeFiles/blink.dir/Users/amrit/Desktop/PICO_REPOS/pico-sdk/src/rp2_common/hardware_irq/irq.c.obj
 *fill*         0x00000000100077f2        0x2 
 .rodata.user_irq_claim_unused.str1.4
                0x00000000100077f4       0x1b CMakeFiles/blink.dir/Users/amrit/Desktop/PICO_REPOS/pico-sdk/src/rp2_common/hardware_irq/irq.c.obj
 *fill*         0x000000001000780f        0x1 
 .rodata.__func__.0
                0x0000000010007810       0x1a CMakeFiles/blink.dir/Users/amrit/Desktop/PICO_REPOS/pico-sdk/src/rp2_common/hardware_irq/irq.c.obj
 *fill*         0x000000001000782a        0x2 
 .rodata.__func__.1
                0x000000001000782c       0x17 CMakeFiles/blink.dir/Users/amrit/Desktop/PICO_REPOS/pico-sdk/src/rp2_common/hardware_irq/irq.c.obj
 *fill*         0x0000000010007843        0x1 
 .rodata.__func__.2
                0x0000000010007844       0x13 CMakeFiles/blink.dir/Users/amrit/Desktop/PICO_REPOS/pico-sdk/src/rp2_common/hardware_irq/irq.c.obj
 *fill*         0x0000000010007857        0x1 
 .rodata.__func__.3
                0x0000000010007858        0xc CMakeFiles/blink.dir/Users/amrit/Desktop/PICO_REPOS/pico-sdk/src/rp2_common/hardware_irq/irq.c.obj
 .rodata.__func__.4
                0x0000000010007864        0xf CMakeFiles/blink.dir/Users/amrit/Desktop/PICO_REPOS/pico-sdk/src/rp2_common/hardware_irq/irq.c.obj
 *fill*         0x0000000010007873        0x1 
 .rodata.__func__.5
                0x0000000010007874       0x17 CMakeFiles/blink.dir/Users/amrit/Desktop/PICO_REPOS/pico-sdk/src/rp2_common/hardware_irq/irq.c.obj
 *fill*         0x000000001000788b        0x1 
 .rodata.__func__.6
                0x000000001000788c       0x1a CMakeFiles/blink.dir/Users/amrit/Desktop/PICO_REPOS/pico-sdk/src/rp2_common/hardware_irq/irq.c.obj
 *fill*         0x00000000100078a6        0x2 
 .rodata.str1.4
                0x00000000100078a8       0xe0 CMakeFiles/blink.dir/Users/amrit/Desktop/PICO_REPOS/pico-sdk/src/common/pico_sync/sem.c.obj
 .rodata.__func__.1
                0x0000000010007988       0x15 CMakeFiles/blink.dir/Users/amrit/Desktop/PICO_REPOS/pico-sdk/src/common/pico_sync/sem.c.obj
 *fill*         0x000000001000799d        0x3 
 .rodata.repeating_timer_callback.str1.4
                0x00000000100079a0       0x59 CMakeFiles/blink.dir/Users/amrit/Desktop/PICO_REPOS/pico-sdk/src/common/pico_time/time.c.obj
 *fill*         0x00000000100079f9        0x3 
 .rodata.alarm_pool_dump_key.str1.4
                0x00000000100079fc       0x33 CMakeFiles/blink.dir/Users/amrit/Desktop/PICO_REPOS/pico-sdk/src/common/pico_time/time.c.obj
 *fill*         0x0000000010007a2f        0x1 
 .rodata.ph_add_child_node.str1.4
                0x0000000010007a30       0xa2 CMakeFiles/blink.dir/Users/amrit/Desktop/PICO_REPOS/pico-sdk/src/common/pico_time/time.c.obj
 *fill*         0x0000000010007ad2        0x2 
 .rodata.add_alarm_under_lock.str1.4
                0x0000000010007ad4       0x28 CMakeFiles/blink.dir/Users/amrit/Desktop/PICO_REPOS/pico-sdk/src/common/pico_time/time.c.obj
                                         0x2b (size before relaxing)
 .rodata.alarm_pool_alarm_callback.str1.4
                0x0000000010007afc       0x82 CMakeFiles/blink.dir/Users/amrit/Desktop/PICO_REPOS/pico-sdk/src/common/pico_time/time.c.obj
                                         0xf2 (size before relaxing)
 *fill*         0x0000000010007b7e        0x2 
 .rodata.alarm_pool_get_default.str1.4
                0x0000000010007b80       0x21 CMakeFiles/blink.dir/Users/amrit/Desktop/PICO_REPOS/pico-sdk/src/common/pico_time/time.c.obj
 *fill*         0x0000000010007ba1        0x3 
 .rodata.alarm_pool_cancel_alarm.str1.4
                0x0000000010007ba4       0x27 CMakeFiles/blink.dir/Users/amrit/Desktop/PICO_REPOS/pico-sdk/src/common/pico_time/time.c.obj
 *fill*         0x0000000010007bcb        0x1 
 .rodata.sleep_until.str1.4
                0x0000000010007bcc       0x4d CMakeFiles/blink.dir/Users/amrit/Desktop/PICO_REPOS/pico-sdk/src/common/pico_time/time.c.obj
 *fill*         0x0000000010007c19        0x3 
 .rodata.__func__.1
                0x0000000010007c1c       0x18 CMakeFiles/blink.dir/Users/amrit/Desktop/PICO_REPOS/pico-sdk/src/common/pico_time/time.c.obj
 .rodata.__func__.10
                0x0000000010007c34       0x15 CMakeFiles/blink.dir/Users/amrit/Desktop/PICO_REPOS/pico-sdk/src/common/pico_time/time.c.obj
 *fill*         0x0000000010007c49        0x3 
 .rodata.__func__.11
                0x0000000010007c4c       0x1a CMakeFiles/blink.dir/Users/amrit/Desktop/PICO_REPOS/pico-sdk/src/common/pico_time/time.c.obj
 *fill*         0x0000000010007c66        0x2 
 .rodata.__func__.12
                0x0000000010007c68        0xa CMakeFiles/blink.dir/Users/amrit/Desktop/PICO_REPOS/pico-sdk/src/common/pico_time/time.c.obj
 *fill*         0x0000000010007c72        0x2 
 .rodata.__func__.3
                0x0000000010007c74       0x17 CMakeFiles/blink.dir/Users/amrit/Desktop/PICO_REPOS/pico-sdk/src/common/pico_time/time.c.obj
 *fill*         0x0000000010007c8b        0x1 
 .rodata.__func__.4
                0x0000000010007c8c       0x12 CMakeFiles/blink.dir/Users/amrit/Desktop/PICO_REPOS/pico-sdk/src/common/pico_time/time.c.obj
 *fill*         0x0000000010007c9e        0x2 
 .rodata.__func__.5
                0x0000000010007ca0        0xd CMakeFiles/blink.dir/Users/amrit/Desktop/PICO_REPOS/pico-sdk/src/common/pico_time/time.c.obj
 *fill*         0x0000000010007cad        0x3 
 .rodata.__func__.6
                0x0000000010007cb0       0x12 CMakeFiles/blink.dir/Users/amrit/Desktop/PICO_REPOS/pico-sdk/src/common/pico_time/time.c.obj
 *fill*         0x0000000010007cc2        0x2 
 .rodata.__func__.7
                0x0000000010007cc4        0xf CMakeFiles/blink.dir/Users/amrit/Desktop/PICO_REPOS/pico-sdk/src/common/pico_time/time.c.obj
 *fill*         0x0000000010007cd3        0x1 
 .rodata.__func__.8
                0x0000000010007cd4        0xc CMakeFiles/blink.dir/Users/amrit/Desktop/PICO_REPOS/pico-sdk/src/common/pico_time/time.c.obj
 .rodata.__func__.9
                0x0000000010007ce0       0x15 CMakeFiles/blink.dir/Users/amrit/Desktop/PICO_REPOS/pico-sdk/src/common/pico_time/time.c.obj
 *fill*         0x0000000010007cf5        0x3 
 .rodata.hardware_alarm_claim.str1.4
                0x0000000010007cf8       0x22 CMakeFiles/blink.dir/Users/amrit/Desktop/PICO_REPOS/pico-sdk/src/rp2_common/hardware_timer/timer.c.obj
 *fill*         0x0000000010007d1a        0x2 
 .rodata.hardware_alarm_set_target.str1.4
                0x0000000010007d1c       0x73 CMakeFiles/blink.dir/Users/amrit/Desktop/PICO_REPOS/pico-sdk/src/rp2_common/hardware_timer/timer.c.obj
 *fill*         0x0000000010007d8f        0x1 
 .rodata.__func__.0
                0x0000000010007d90       0x1a CMakeFiles/blink.dir/Users/amrit/Desktop/PICO_REPOS/pico-sdk/src/rp2_common/hardware_timer/timer.c.obj
 .rodata.ph_add_child_node.str1.4
                0x0000000010007daa       0xa2 CMakeFiles/blink.dir/Users/amrit/Desktop/PICO_REPOS/pico-sdk/src/common/pico_util/pheap.c.obj
 *fill*         0x0000000010007daa        0x2 
 .rodata.ph_remove_any_head.str1.4
                0x0000000010007dac       0x9c CMakeFiles/blink.dir/Users/amrit/Desktop/PICO_REPOS/pico-sdk/src/common/pico_util/pheap.c.obj
 .rodata.ph_remove_and_free_node.str1.4
                0x0000000010007e48       0x1e CMakeFiles/blink.dir/Users/amrit/Desktop/PICO_REPOS/pico-sdk/src/common/pico_util/pheap.c.obj
                                         0x26 (size before relaxing)
 *fill*         0x0000000010007e66        0x2 
 .rodata.__func__.0
                0x0000000010007e68       0x18 CMakeFiles/blink.dir/Users/amrit/Desktop/PICO_REPOS/pico-sdk/src/common/pico_util/pheap.c.obj
 .rodata.__func__.1
                0x0000000010007e80       0x13 CMakeFiles/blink.dir/Users/amrit/Desktop/PICO_REPOS/pico-sdk/src/common/pico_util/pheap.c.obj
 *fill*         0x0000000010007e93        0x1 
 .rodata.__func__.2
                0x0000000010007e94       0x12 CMakeFiles/blink.dir/Users/amrit/Desktop/PICO_REPOS/pico-sdk/src/common/pico_util/pheap.c.obj
 *fill*         0x0000000010007ea6        0x2 
 .rodata.__func__.3
                0x0000000010007ea8        0xc CMakeFiles/blink.dir/Users/amrit/Desktop/PICO_REPOS/pico-sdk/src/common/pico_util/pheap.c.obj
 .rodata.str1.4
                0x0000000010007eb4       0x99 CMakeFiles/blink.dir/Users/amrit/Desktop/PICO_REPOS/pico-sdk/src/common/pico_sync/mutex.c.obj
                                        0x109 (size before relaxing)
 *fill*         0x0000000010007f4d        0x3 
 .rodata.__func__.0
                0x0000000010007f50       0x15 CMakeFiles/blink.dir/Users/amrit/Desktop/PICO_REPOS/pico-sdk/src/common/pico_sync/mutex.c.obj
 *fill*         0x0000000010007f65        0x3 
 .rodata.__func__.1
                0x0000000010007f68        0xb CMakeFiles/blink.dir/Users/amrit/Desktop/PICO_REPOS/pico-sdk/src/common/pico_sync/mutex.c.obj
 *fill*         0x0000000010007f73        0x1 
 .rodata.__func__.5
                0x0000000010007f74       0x1a CMakeFiles/blink.dir/Users/amrit/Desktop/PICO_REPOS/pico-sdk/src/common/pico_sync/mutex.c.obj
 *fill*         0x0000000010007f8e        0x2 
 .rodata.__func__.6
                0x0000000010007f90       0x1f CMakeFiles/blink.dir/Users/amrit/Desktop/PICO_REPOS/pico-sdk/src/common/pico_sync/mutex.c.obj
 *fill*         0x0000000010007faf        0x1 
 .rodata.__assert_func.str1.4
                0x0000000010007fb0       0x3f CMakeFiles/blink.dir/Users/amrit/Desktop/PICO_REPOS/pico-sdk/src/rp2_common/pico_runtime/runtime.c.obj
                                         0x43 (size before relaxing)
 *fill*         0x0000000010007fef        0x1 
 .rodata.runtime_init.str1.4
                0x0000000010007ff0       0x6f CMakeFiles/blink.dir/Users/amrit/Desktop/PICO_REPOS/pico-sdk/src/rp2_common/pico_runtime/runtime.c.obj
 *fill*         0x000000001000805f        0x1 
 .rodata.panic.str1.4
                0x0000000010008060       0x10 CMakeFiles/blink.dir/Users/amrit/Desktop/PICO_REPOS/pico-sdk/src/rp2_common/pico_runtime/runtime.c.obj
                                         0x12 (size before relaxing)
 .rodata.panic_unsupported.str1.4
                0x0000000010008070        0xe CMakeFiles/blink.dir/Users/amrit/Desktop/PICO_REPOS/pico-sdk/src/rp2_common/pico_runtime/runtime.c.obj
 *fill*         0x000000001000807e        0x2 
 .rodata.__func__.1
                0x0000000010008080        0xd CMakeFiles/blink.dir/Users/amrit/Desktop/PICO_REPOS/pico-sdk/src/rp2_common/pico_runtime/runtime.c.obj
 *fill*         0x000000001000808d        0x3 
 .rodata.clock_configure.str1.4
                0x0000000010008090       0x65 CMakeFiles/blink.dir/Users/amrit/Desktop/PICO_REPOS/pico-sdk/src/rp2_common/hardware_clocks/clocks.c.obj
 *fill*         0x00000000100080f5        0x3 
 .rodata.__func__.1
                0x00000000100080f8       0x10 CMakeFiles/blink.dir/Users/amrit/Desktop/PICO_REPOS/pico-sdk/src/rp2_common/hardware_clocks/clocks.c.obj
 .rodata.pll_init.str1.4
                0x0000000010008108      0x147 CMakeFiles/blink.dir/Users/amrit/Desktop/PICO_REPOS/pico-sdk/src/rp2_common/hardware_pll/pll.c.obj
 *fill*         0x000000001000824f        0x1 
 .rodata.__func__.0
                0x0000000010008250        0x9 CMakeFiles/blink.dir/Users/amrit/Desktop/PICO_REPOS/pico-sdk/src/rp2_common/hardware_pll/pll.c.obj
 *fill*         0x0000000010008259        0x3 
 .rodata._ftoa.str1.4
                0x000000001000825c       0x15 CMakeFiles/blink.dir/Users/amrit/Desktop/PICO_REPOS/pico-sdk/src/rp2_common/pico_printf/printf.c.obj
 *fill*         0x0000000010008271        0x3 
 .rodata._vsnprintf
                0x0000000010008274      0x1e0 CMakeFiles/blink.dir/Users/amrit/Desktop/PICO_REPOS/pico-sdk/src/rp2_common/pico_printf/printf.c.obj
 *fill*         0x0000000010008454        0x4 
 .rodata.pow10.0
                0x0000000010008458       0x50 CMakeFiles/blink.dir/Users/amrit/Desktop/PICO_REPOS/pico-sdk/src/rp2_common/pico_printf/printf.c.obj
 .rodata.missing_double_func_shim.str1.4
                0x00000000100084a8       0x18 CMakeFiles/blink.dir/Users/amrit/Desktop/PICO_REPOS/pico-sdk/src/rp2_common/pico_double/double_init_rom.c.obj
 .rodata.__aeabi_double_init.str1.4
                0x00000000100084c0       0xb6 CMakeFiles/blink.dir/Users/amrit/Desktop/PICO_REPOS/pico-sdk/src/rp2_common/pico_double/double_init_rom.c.obj
 *fill*         0x0000000010008576        0x2 
 .rodata.__func__.0
                0x0000000010008578       0x14 CMakeFiles/blink.dir/Users/amrit/Desktop/PICO_REPOS/pico-sdk/src/rp2_common/pico_double/double_init_rom.c.obj
 .rodata.missing_float_func_shim.str1.4
                0x000000001000858c        0x1 CMakeFiles/blink.dir/Users/amrit/Desktop/PICO_REPOS/pico-sdk/src/rp2_common/pico_float/float_init_rom.c.obj
 .rodata.__aeabi_float_init.str1.4
                0x000000001000858c       0x88 CMakeFiles/blink.dir/Users/amrit/Desktop/PICO_REPOS/pico-sdk/src/rp2_common/pico_float/float_init_rom.c.obj
 .rodata.__func__.0
                0x0000000010008614       0x13 CMakeFiles/blink.dir/Users/amrit/Desktop/PICO_REPOS/pico-sdk/src/rp2_common/pico_float/float_init_rom.c.obj
 *fill*         0x0000000010008627        0x1 
 .rodata.str1.4
                0x0000000010008628       0x3c CMakeFiles/blink.dir/Users/amrit/Desktop/PICO_REPOS/pico-sdk/src/rp2_common/pico_standard_link/binary_info.c.obj
 .rodata.__bi_44
                0x0000000010008664        0xc CMakeFiles/blink.dir/Users/amrit/Desktop/PICO_REPOS/pico-sdk/src/rp2_common/pico_standard_link/binary_info.c.obj
 .rodata.__bi_75
                0x0000000010008670        0xc CMakeFiles/blink.dir/Users/amrit/Desktop/PICO_REPOS/pico-sdk/src/rp2_common/pico_standard_link/binary_info.c.obj
 .rodata.__bi_81
                0x000000001000867c        0xc CMakeFiles/blink.dir/Users/amrit/Desktop/PICO_REPOS/pico-sdk/src/rp2_common/pico_standard_link/binary_info.c.obj
 .rodata.crlf_str.3
                0x0000000010008688        0x2 CMakeFiles/blink.dir/Users/amrit/Desktop/PICO_REPOS/pico-sdk/src/rp2_common/pico_stdio/stdio.c.obj
 *fill*         0x000000001000868a        0x2 
 .rodata.str1.4
                0x000000001000868c       0x2c CMakeFiles/blink.dir/Users/amrit/Desktop/PICO_REPOS/pico-sdk/src/rp2_common/pico_stdio_uart/stdio_uart.c.obj
 .rodata.__bi_28.4
                0x00000000100086b8        0xc CMakeFiles/blink.dir/Users/amrit/Desktop/PICO_REPOS/pico-sdk/src/rp2_common/pico_stdio_uart/stdio_uart.c.obj
 .rodata.__bi_29.5
                0x00000000100086c4        0x8 CMakeFiles/blink.dir/Users/amrit/Desktop/PICO_REPOS/pico-sdk/src/rp2_common/pico_stdio_uart/stdio_uart.c.obj
 .rodata.cyw43_hal_generate_laa_mac.str1.4
                0x00000000100086cc       0x35 CMakeFiles/blink.dir/Users/amrit/Desktop/PICO_REPOS/pico-sdk/src/rp2_common/pico_cyw43_arch/cyw43_arch.c.obj
 *fill*         0x0000000010008701        0x3 
 .rodata.low_prio_irq_schedule_dispatch.str1.4
                0x0000000010008704       0x9f CMakeFiles/blink.dir/Users/amrit/Desktop/PICO_REPOS/pico-sdk/src/rp2_common/pico_cyw43_arch/cyw43_arch_threadsafe_background.c.obj
 *fill*         0x00000000100087a3        0x1 
 .rodata.low_prio_irq_init.str1.4
                0x00000000100087a4       0x21 CMakeFiles/blink.dir/Users/amrit/Desktop/PICO_REPOS/pico-sdk/src/rp2_common/pico_cyw43_arch/cyw43_arch_threadsafe_background.c.obj
 *fill*         0x00000000100087c5        0x3 
 .rodata.low_priority_irq_handler.str1.4
                0x00000000100087c8       0x21 CMakeFiles/blink.dir/Users/amrit/Desktop/PICO_REPOS/pico-sdk/src/rp2_common/pico_cyw43_arch/cyw43_arch_threadsafe_background.c.obj
 *fill*         0x00000000100087e9        0x3 
 .rodata.no_lwip_fail.str1.4
                0x00000000100087ec       0x2c CMakeFiles/blink.dir/Users/amrit/Desktop/PICO_REPOS/pico-sdk/src/rp2_common/pico_cyw43_arch/cyw43_arch_threadsafe_background.c.obj
 .rodata.cyw43_arch_init.str1.4
                0x0000000010008818       0x6f CMakeFiles/blink.dir/Users/amrit/Desktop/PICO_REPOS/pico-sdk/src/rp2_common/pico_cyw43_arch/cyw43_arch_threadsafe_background.c.obj
 .rodata.cyw43_thread_lock_check.str1.4
                0x0000000010008818       0x1f CMakeFiles/blink.dir/Users/amrit/Desktop/PICO_REPOS/pico-sdk/src/rp2_common/pico_cyw43_arch/cyw43_arch_threadsafe_background.c.obj
 *fill*         0x0000000010008837        0x1 
 .rodata.cyw43_thread_exit.str1.4
                0x0000000010008838       0x15 CMakeFiles/blink.dir/Users/amrit/Desktop/PICO_REPOS/pico-sdk/src/rp2_common/pico_cyw43_arch/cyw43_arch_threadsafe_background.c.obj
 *fill*         0x000000001000884d        0x3 
 .rodata.__func__.0
                0x0000000010008850       0x12 CMakeFiles/blink.dir/Users/amrit/Desktop/PICO_REPOS/pico-sdk/src/rp2_common/pico_cyw43_arch/cyw43_arch_threadsafe_background.c.obj
 *fill*         0x0000000010008862        0x2 
 .rodata.__func__.1
                0x0000000010008864       0x19 CMakeFiles/blink.dir/Users/amrit/Desktop/PICO_REPOS/pico-sdk/src/rp2_common/pico_cyw43_arch/cyw43_arch_threadsafe_background.c.obj
 *fill*         0x000000001000887d        0x3 
 .rodata.__func__.2
                0x0000000010008880       0x12 CMakeFiles/blink.dir/Users/amrit/Desktop/PICO_REPOS/pico-sdk/src/rp2_common/pico_cyw43_arch/cyw43_arch_threadsafe_background.c.obj
 *fill*         0x0000000010008892        0x2 
 .rodata.__func__.3
                0x0000000010008894       0x15 CMakeFiles/blink.dir/Users/amrit/Desktop/PICO_REPOS/pico-sdk/src/rp2_common/pico_cyw43_arch/cyw43_arch_threadsafe_background.c.obj
 *fill*         0x00000000100088a9        0x3 
 .rodata.__func__.4
                0x00000000100088ac       0x1f CMakeFiles/blink.dir/Users/amrit/Desktop/PICO_REPOS/pico-sdk/src/rp2_common/pico_cyw43_arch/cyw43_arch_threadsafe_background.c.obj
 *fill*         0x00000000100088cb        0x1 
 .rodata.str1.4
                0x00000000100088cc      0x166 CMakeFiles/blink.dir/Users/amrit/Desktop/PICO_REPOS/pico-sdk/src/rp2_common/hardware_flash/flash.c.obj
 *fill*         0x0000000010008a32        0x2 
 .rodata.__func__.0
                0x0000000010008a34        0xd CMakeFiles/blink.dir/Users/amrit/Desktop/PICO_REPOS/pico-sdk/src/rp2_common/hardware_flash/flash.c.obj
 *fill*         0x0000000010008a41        0x3 
 .rodata.cyw43_spi_init.str1.4
                0x0000000010008a44       0x69 CMakeFiles/blink.dir/Users/amrit/Desktop/PICO_REPOS/pico-sdk/src/rp2_common/cyw43_driver/cyw43_bus_pio_spi.c.obj
 *fill*         0x0000000010008aad        0x3 
 .rodata.cyw43_spi_transfer.str1.4
                0x0000000010008ab0      0x10b CMakeFiles/blink.dir/Users/amrit/Desktop/PICO_REPOS/pico-sdk/src/rp2_common/cyw43_driver/cyw43_bus_pio_spi.c.obj
 *fill*         0x0000000010008bbb        0x1 
 .rodata.read_reg_u32_swap.str1.4
                0x0000000010008bbc       0x19 CMakeFiles/blink.dir/Users/amrit/Desktop/PICO_REPOS/pico-sdk/src/rp2_common/cyw43_driver/cyw43_bus_pio_spi.c.obj
 *fill*         0x0000000010008bd5        0x3 
 .rodata.cyw43_read_bytes.str1.4
                0x0000000010008bd8       0x86 CMakeFiles/blink.dir/Users/amrit/Desktop/PICO_REPOS/pico-sdk/src/rp2_common/cyw43_driver/cyw43_bus_pio_spi.c.obj
 *fill*         0x0000000010008c5e        0x2 
 .rodata.cyw43_write_bytes.str1.4
                0x0000000010008c60       0x49 CMakeFiles/blink.dir/Users/amrit/Desktop/PICO_REPOS/pico-sdk/src/rp2_common/cyw43_driver/cyw43_bus_pio_spi.c.obj
                                         0x59 (size before relaxing)
 *fill*         0x0000000010008ca9        0x3 
 .rodata        0x0000000010008cac        0x8 CMakeFiles/blink.dir/Users/amrit/Desktop/PICO_REPOS/pico-sdk/src/rp2_common/cyw43_driver/cyw43_bus_pio_spi.c.obj
 .rodata.__func__.0
                0x0000000010008cb4       0x12 CMakeFiles/blink.dir/Users/amrit/Desktop/PICO_REPOS/pico-sdk/src/rp2_common/cyw43_driver/cyw43_bus_pio_spi.c.obj
 *fill*         0x0000000010008cc6        0x2 
 .rodata.__func__.1
                0x0000000010008cc8       0x11 CMakeFiles/blink.dir/Users/amrit/Desktop/PICO_REPOS/pico-sdk/src/rp2_common/cyw43_driver/cyw43_bus_pio_spi.c.obj
 *fill*         0x0000000010008cd9        0x3 
 .rodata.__func__.2
                0x0000000010008cdc       0x12 CMakeFiles/blink.dir/Users/amrit/Desktop/PICO_REPOS/pico-sdk/src/rp2_common/cyw43_driver/cyw43_bus_pio_spi.c.obj
 *fill*         0x0000000010008cee        0x2 
 .rodata.__func__.3
                0x0000000010008cf0       0x18 CMakeFiles/blink.dir/Users/amrit/Desktop/PICO_REPOS/pico-sdk/src/rp2_common/cyw43_driver/cyw43_bus_pio_spi.c.obj
 .rodata.__func__.6
                0x0000000010008d08       0x1c CMakeFiles/blink.dir/Users/amrit/Desktop/PICO_REPOS/pico-sdk/src/rp2_common/cyw43_driver/cyw43_bus_pio_spi.c.obj
 .rodata.__func__.7
                0x0000000010008d24       0x13 CMakeFiles/blink.dir/Users/amrit/Desktop/PICO_REPOS/pico-sdk/src/rp2_common/cyw43_driver/cyw43_bus_pio_spi.c.obj
 *fill*         0x0000000010008d37        0x1 
 .rodata.__func__.8
                0x0000000010008d38        0xf CMakeFiles/blink.dir/Users/amrit/Desktop/PICO_REPOS/pico-sdk/src/rp2_common/cyw43_driver/cyw43_bus_pio_spi.c.obj
 *fill*         0x0000000010008d47        0x1 
 .rodata.spi_gap01_sample0_program
                0x0000000010008d48        0x6 CMakeFiles/blink.dir/Users/amrit/Desktop/PICO_REPOS/pico-sdk/src/rp2_common/cyw43_driver/cyw43_bus_pio_spi.c.obj
 *fill*         0x0000000010008d4e        0x2 
 .rodata.spi_gap01_sample0_program_instructions
                0x0000000010008d50        0xc CMakeFiles/blink.dir/Users/amrit/Desktop/PICO_REPOS/pico-sdk/src/rp2_common/cyw43_driver/cyw43_bus_pio_spi.c.obj
 .rodata.sdpcm_process_rx_packet.str1.4
                0x0000000010008d5c      0x127 CMakeFiles/blink.dir/Users/amrit/Desktop/PICO_REPOS/pico-sdk/lib/cyw43-driver/src/cyw43_ll.c.obj
 *fill*         0x0000000010008e83        0x1 
 .rodata.cyw43_read_reg.str1.4
                0x0000000010008e84       0x72 CMakeFiles/blink.dir/Users/amrit/Desktop/PICO_REPOS/pico-sdk/lib/cyw43-driver/src/cyw43_ll.c.obj
 *fill*         0x0000000010008ef6        0x2 
 .rodata.cyw43_kso_set.str1.4
                0x0000000010008ef8       0x23 CMakeFiles/blink.dir/Users/amrit/Desktop/PICO_REPOS/pico-sdk/lib/cyw43-driver/src/cyw43_ll.c.obj
 *fill*         0x0000000010008f1b        0x1 
 .rodata.disable_device_core.str1.4
                0x0000000010008f1c       0x1a CMakeFiles/blink.dir/Users/amrit/Desktop/PICO_REPOS/pico-sdk/lib/cyw43-driver/src/cyw43_ll.c.obj
 *fill*         0x0000000010008f36        0x2 
 .rodata.device_core_is_up.str1.4
                0x0000000010008f38       0x14 CMakeFiles/blink.dir/Users/amrit/Desktop/PICO_REPOS/pico-sdk/lib/cyw43-driver/src/cyw43_ll.c.obj
 .rodata.cyw43_download_resource.str1.4
                0x0000000010008f4c       0xb2 CMakeFiles/blink.dir/Users/amrit/Desktop/PICO_REPOS/pico-sdk/lib/cyw43-driver/src/cyw43_ll.c.obj
 *fill*         0x0000000010008ffe        0x2 
 .rodata.cyw43_ll_sdpcm_poll_device.str1.4
                0x0000000010009000       0x91 CMakeFiles/blink.dir/Users/amrit/Desktop/PICO_REPOS/pico-sdk/lib/cyw43-driver/src/cyw43_ll.c.obj
 *fill*         0x0000000010009091        0x3 
 .rodata.cyw43_ll_process_packets.str1.4
                0x0000000010009094       0x22 CMakeFiles/blink.dir/Users/amrit/Desktop/PICO_REPOS/pico-sdk/lib/cyw43-driver/src/cyw43_ll.c.obj
 *fill*         0x00000000100090b6        0x2 
 .rodata.cyw43_sdpcm_send_common.str1.4
                0x00000000100090b8       0x62 CMakeFiles/blink.dir/Users/amrit/Desktop/PICO_REPOS/pico-sdk/lib/cyw43-driver/src/cyw43_ll.c.obj
                                         0xd2 (size before relaxing)
 *fill*         0x000000001000911a        0x2 
 .rodata.cyw43_do_ioctl.str1.4
                0x000000001000911c       0x55 CMakeFiles/blink.dir/Users/amrit/Desktop/PICO_REPOS/pico-sdk/lib/cyw43-driver/src/cyw43_ll.c.obj
 *fill*         0x0000000010009171        0x3 
 .rodata.cyw43_clm_load.str1.4
                0x0000000010009174       0x18 CMakeFiles/blink.dir/Users/amrit/Desktop/PICO_REPOS/pico-sdk/lib/cyw43-driver/src/cyw43_ll.c.obj
 .rodata.cyw43_ll_wifi_on.str1.4
                0x000000001000918c       0x63 CMakeFiles/blink.dir/Users/amrit/Desktop/PICO_REPOS/pico-sdk/lib/cyw43-driver/src/cyw43_ll.c.obj
 *fill*         0x00000000100091ef        0x1 
 .rodata.cyw43_ll_bus_init.str1.4
                0x00000000100091f0       0xc2 CMakeFiles/blink.dir/Users/amrit/Desktop/PICO_REPOS/pico-sdk/lib/cyw43-driver/src/cyw43_ll.c.obj
 *fill*         0x00000000100092b2        0x2 
 .rodata.cyw43_ll_gpio_set.str1.4
                0x00000000100092b4        0x8 CMakeFiles/blink.dir/Users/amrit/Desktop/PICO_REPOS/pico-sdk/lib/cyw43-driver/src/cyw43_ll.c.obj
 .rodata        0x00000000100092bc       0x7a CMakeFiles/blink.dir/Users/amrit/Desktop/PICO_REPOS/pico-sdk/lib/cyw43-driver/src/cyw43_ll.c.obj
 *fill*         0x0000000010009336        0x2 
 .rodata.__func__.0
                0x0000000010009338       0x18 CMakeFiles/blink.dir/Users/amrit/Desktop/PICO_REPOS/pico-sdk/lib/cyw43-driver/src/cyw43_ll.c.obj
 .rodata.__func__.1
                0x0000000010009350       0x10 CMakeFiles/blink.dir/Users/amrit/Desktop/PICO_REPOS/pico-sdk/lib/cyw43-driver/src/cyw43_ll.c.obj
 .rodata.__func__.2
                0x0000000010009360        0xf CMakeFiles/blink.dir/Users/amrit/Desktop/PICO_REPOS/pico-sdk/lib/cyw43-driver/src/cyw43_ll.c.obj
 *fill*         0x000000001000936f        0x1 
 .rodata.__func__.4
                0x0000000010009370       0x15 CMakeFiles/blink.dir/Users/amrit/Desktop/PICO_REPOS/pico-sdk/lib/cyw43-driver/src/cyw43_ll.c.obj
 *fill*         0x0000000010009385        0x3 
 .rodata.wifi_nvram_4343
                0x0000000010009388      0x2e7 CMakeFiles/blink.dir/Users/amrit/Desktop/PICO_REPOS/pico-sdk/lib/cyw43-driver/src/cyw43_ll.c.obj
 *fill*         0x000000001000966f        0x1 
 .rodata.cyw43_dump_async_event.str1.4
                0x0000000010009670       0x24 CMakeFiles/blink.dir/Users/amrit/Desktop/PICO_REPOS/pico-sdk/lib/cyw43-driver/src/cyw43_ctrl.c.obj
                                         0x98 (size before relaxing)
 .rodata.cyw43_ensure_up.str1.4
                0x0000000010009694       0x9c CMakeFiles/blink.dir/Users/amrit/Desktop/PICO_REPOS/pico-sdk/lib/cyw43-driver/src/cyw43_ctrl.c.obj
 .rodata.str1.4
                0x0000000010009730       0x9e CMakeFiles/blink.dir/Users/amrit/Desktop/PICO_REPOS/pico-sdk/lib/cyw43-driver/src/cyw43_ctrl.c.obj
 *fill*         0x00000000100097ce        0x2 
 .rodata.__func__.0
                0x00000000100097d0       0x10 CMakeFiles/blink.dir/Users/amrit/Desktop/PICO_REPOS/pico-sdk/lib/cyw43-driver/src/cyw43_ctrl.c.obj
 .rodata.__func__.1
                0x00000000100097e0       0x15 CMakeFiles/blink.dir/Users/amrit/Desktop/PICO_REPOS/pico-sdk/lib/cyw43-driver/src/cyw43_ctrl.c.obj
 *fill*         0x00000000100097f5        0x3 
 .rodata.cyw43_async_event_name_table
                0x00000000100097f8      0x164 CMakeFiles/blink.dir/Users/amrit/Desktop/PICO_REPOS/pico-sdk/lib/cyw43-driver/src/cyw43_ctrl.c.obj
 .rodata._pio_find_offset_for_program.str1.4
                0x000000001000995c       0x77 CMakeFiles/blink.dir/Users/amrit/Desktop/PICO_REPOS/pico-sdk/src/rp2_common/hardware_pio/pio.c.obj
 *fill*         0x00000000100099d3        0x1 
 .rodata._pio_add_program_at_offset.str1.4